border_size=1
usage=map

Gll^Fp, Gll^Fp, Gll^Fp, Gll^Fp, Gll^Fp, Gll^Fp, Gll^Fp, Gll^Fp, Gll^Fp, Gll^Fp, Gll^Fp, Gll^Fp, Ss, Sm, Ss, Ss, Ss, Ss, Ss, Ss, Ss, Ss, Ss, Ss, Ss, Ss, Ss, Ss, Ss, Ss, Ss, Ss, Ss, Ss, Ss, Ss, Ss, Ss, Ss, Ss, Ss, Ss, Ss, Ss, Ss, Ss, Ss, Ss, Ss, Ss, Ss, Ss, Ss, Ss, Ss, Ss, Ss, Ss, Ss, Ss, Ss, Ss, Ss, Ss, Ss, Wwf, Wwf, Ww, Ww, Ww, Ww, Wo, Wo, Wo, Ww, Ww, Ww, Ww, Gg, Gg, Gs^Fms, Gs^_fme, Gs^_fme, Xu, Xu, Xu, Xu, Xu, Xu, Xu, Xu, Xu, Xu, Xu, Xu, Xu, Xu, Xu, Xu, Xu, Xu, Xu, Xu, Xu, Xu, Xu, Xu, Xu, Xu, Xu, Xu, Xu, Xu, Xu, Xu, Xu, Xu, Xu, Xu, Xu, Xu, Xu, Xu, Xu, Xu, Xu, Xu, Xu, Xu, Xu, Xu, Xu, Xu, Xu, Xu, Xu, Xu, Xu, Xu, Xu, Xu, Xu, Xu, Xu, Xu, Xu, Xu, Xu
Gll^Fp, Gll^Fp, Gll^Fp, Gll^Fp, Gll^Fp, Gll^Fp, Gll^Fp, Chr, Gll^Fp, Gll^Fp, Gll^Fp, Gll^Fp, Gll^Fp, Sm, Ss, Dd^Vdt, Ss, Ss, Ss, Ss, Ss, Ss, Ss, Sm, Sm, Ss, Sm, Ss, Ss, Ss, Ss, Ss, Ss, Ss, Ss^Ewf, Ss, Ss, Ss, Ss, Ss, Ss, Ss, Ss^Ewf, Ss, Ss, Ss, Ss, Sm, Ss^Vct, Ss, Ss, Ss, Ss, Ss, Ss, Ss, Sm, Ss, Sm, Ss^Vct, Sm, Ss, Ss^Ewf, Ss, Ss, Wwf, Wwf, Ww, Ww, Ww, Wo, Wo, Wo, Ww, Ww, Ww, Ww, Ww, Gs^Fms, Gs^Fms, Gs^Fms, Gs^Fms, Gs^_fme, Xu, Xu, Xu, Xu, Xu, Xu, Xu, Xu, Xu, Xu, Xu, Xu, Xu, Xu, Xu, Xu, Xu, Xu, Xu, Xu, Xu, Xu, Xu, Xu, Xu, Xu, Xu, Xu, Xu, Xu, Xu, Xu, Xu, Xu, Xu, Xu, Xu, Xu, Xu, Xu, Xu, Xu, Xu, Xu, Xu, Xu, Xu, Xu, Xu, Xu, Xu, Xu, Xu, Xu, Xu, Xu, Xu, Xu, Xu, Xu, Xu, Xu, Xu, Xu, Xu
Gll^Fp, Gll^Fp, Gll^Fp, 7 Khr, Chr, Gll^Fp, Chr, Chr, Gll^Fp, Gll^Fp, Gll^Fp, Gll^Fp, Gll^Fp, Ss, Ss, Sm, Ss, Ss, Ss, Ss^Ewf, Ss, Ss, Ss, Ss, Ss, Ss, Ss, Sm, Ss^Vc, Ss, Ss, Ss, Sm, Ss, Ss, Ss, Ss, Sm, Sm, Ss, Sm, Ss, Ss, Ss, Ss, Ss, Sm, Sm, Ss, Ss, Ss^Ewf, Ss, Sm, Sm, Ss, Ss, Ss, Sm, Ss, Ss, Ss, Ss, Ss, Ss, Wwf, Wwf, Ww, Ww, Ww, Ww, Wo, Wo, Wo, Ww, Ww, Ww, Gg, Gg, Gs^Fms, Gs^Fms, Gs^Fms, Gs^Fms, Gs^_fme, Xu, Xu, Xu, Xu, Xu, Xu, Xu, Xu, Xu, Xu, Xu, Xu, Xu, Xu, Xu, Xu, Xu, Xu, Xu, Xu, Xu, Xu, Xu, Xu, Xu, Xu, Xu, Xu, Xu, Xu, Xu, Xu, Xu, Xu, Xu, Xu, Xu, Xu, Xu, Xu, Xu, Xu, Xu, Xu, Xu, Xu, Xu, Xu, Xu, Xu, Xu, Xu, Xu, Xu, Xu, Xu, Xu, Xu, Xu, Xu, Xu, Xu, Xu, Xu, Xu
Gll^Fp, Chr, Chr, Gll^Fp, Chr, Chr, Chr, Gll^Fp, Gll^Fp, Gll^Fp, Gll^Fp, Gll^Fp, Gll^Fp, Ss, Ss, Sm, Ss, Ss, Sm, Sm, Sm, Ss, Ss^Vdt, Ss, Sm, Ss, Ss, Ss, Ss^Ewf, Ss, Ss, Ss, Ss, Ss, Ss, Ss, Ss, Sm, Sm, Ss, Ss, Sm, Ss, Ss, Ss^Ewf, Ss, Sm, Sm, Ss, Ss, Ss, Ss, Ss, Ss, Ss, Ss, Ss, Ss^Ewf, Ss, Ss, Ss, Ss, Wwf, Wwf, Ww, Ww, Ww, Ww, Ww, Wo, Wo, Wo, Ww, Ww, Ww, Ww, Gg, Gs^Fms, Gs^Fms, Gg^Ve, Gs^Fms, Gs^Fms, Gs^_fme, Xu, Xu, Xu, Xu, Xu, Xu, Xu, Xu, Xu, Xu, Xu, Xu, Xu, Xu, Xu, Xu, Xu, Xu, Xu, Xu, Xu, Xu, Xu, Xu, Xu, Xu, Xu, Xu, Xu, Xu, Xu, Xu, Xu, Xu, Xu, Xu, Xu, Xu, Xu, Xu, Xu, Xu, Xu, Xu, Xu, Xu, Xu, Xu, Xu, Xu, Xu, Xu, Xu, Xu, Xu, Xu, Xu, Xu, Xu, Xu, Xu, Xu, Xu, Xu, Xu
Gll^Fp, Gll^Fp, Gll^Fp, Chr, Gll^Fp, Chr, Gll^Fp, Gll^Fp, Gll^Fp, Gll^Fp, Gll^Fp, Gll^Fp, Gll^Fp, Ss, Sm, Ss, Ss, Ss, Ss, Sm, Sm, Sm, Sm, Ss, Ss, Sm, Chs, Ss^Ewf, Ss, Ss, Ss, Ss, Ss, Ss, Ss, Sm, Ss, Ss, Ss, Sm, Ss, Ss, Ss, Ss, Ss, Ss, Ss, Sm, Ss, Ss, Ss, Ss, Gg, Gg, Gg, Gg, Gg, Gg, Gg, Gg, Gg, Gg, Gg, Gg, Ww, Ww, Ww, Ww, Wo, Wo, Ww, Ww, Ww, Ww, Ww, Ww, Gg, Gs^Fms, Gd^Fmw, Gs^Fms, Gd^Fmw, Gs^Fms, Gd^_fme, Xu, Xu, Xu, Xu, Xu, Xu, Xu, Xu, Xu, Xu, Xu, Xu, Xu, Xu, Xu, Xu, Xu, Xu, Xu, Xu, Xu, Xu, Xu, Xu, Xu, Xu, Xu, Xu, Xu, Xu, Xu, Xu, Xu, Xu, Xu, Xu, Xu, Xu, Xu, Xu, Xu, Xu, Xu, Xu, Xu, Xu, Xu, Xu, Xu, Xu, Xu, Xu, Xu, Xu, Xu, Xu, Xu, Xu, Xu, Xu, Xu, Xu, Xu, Xu, Xu
Gll^Fp, Gll^Fp, Gll^Fp, Gll^Fp, Gll^Fp, Gll^Fp, Gll^Fp, Gll^Fp, Gll^Fp, Gll^Fp, Gll^Fp, Gll^Fp, Gll^Fp, Ss, Sm, Ss^Ewf, Ss, Ss, Ss, Ss, Sm, Sm, Ss, Sm, Chs, Chs, Ss, Chs, Chs, Sm, Ss, Ss, Ss, Ss, Ss, Sm, Ss, Ss, Ss, Ss^Vdt, Ss, Ss, Ss, Ss, Gg, Gg, Gg, Gg, Gg, Gg, Gg, Gg, Gg, Gg, Gg, Gg, Hh, Hh, Hh, Gg, Gg, Gg, Gg, Gg, Gg, Ww, Gg, Wo, Wo, Wo, Ww, Ww, Ww, Ww, Ww, Gg, Gg, Gd, Gd, Gd^Fmw, Gd^Fmw, Gd^Fmw, Gd^_fme, Xu, Xu, Xu, Xu, Xu, Xu, Xu, Xu, Xu, Xu, Xu, Xu, Xu, Xu, Xu, Xu, Xu, Xu, Xu, Xu, Xu, Xu, Xu, Xu, Xu, Xu, Xu, Xu, Xu, Xu, Xu, Xu, Xu, Xu, Xu, Xu, Xu, Xu, Xu, Xu, Xu, Xu, Xu, Xu, Xu, Xu, Xu, Xu, Xu, Xu, Xu, Xu, Xu, Xu, Xu, Xu, Xu, Xu, Xu, Xu, Xu, Xu, Xu, Xu, Xu
Gll^Fp, Gll^Fp, Gll^Fp, Gll^Fp, Gll^Fp, Gll^Fp, Gll^Fp, Gll^Fp, Gll^Fp, Gll^Fp, Gll^Fp, Gll^Fp, Gll^Fp, Gll^Fp, Sm, Ss, Sm^Vc, Ss, Ss, Ss, Ss, Sm, Chs, Sm, Ss, Ss, 3 Khs, Ss, Chs, Sm, Ss, Ss, Ss, Ss^Ewf, Ss, Sm, Sm, Ss, Ss, Ss, Gg, Gg, Gg, Gg, Gg, Gg, Gg, Gg, Gg, Gg, Gg, Gg, Gg, Gg, Gg, Gg, Hh, Hh, Hh, Hh, Hh, Gg, Gg, Ww, Ww, Ww, Ww, Wo, Ww^Vm, Ww, Ww, Ww, Ww, Ww, Gg, Gg, Gg, Gd, Gd, Gd, Gd, Gd, Xos^Br/, Xu^Br/, Xu^Br\, Xu, Xu, Xu, Xu, Xu, Xu, Xu, Xu, Xu, Xu, Xu, Xu, Xu, Xu, Xu, Xu, Xu, Xu, Xu, Xu, Xu, Xu, Xu, Xu, Xu, Xu, Xu, Xu, Xu, Xu, Xu, Xu, Xu, Xu, Xu, Xu, Xu, Xu, Xu, Xu, Xu, Xu, Xu, Xu, Xu, Xu, Xu, Xu, Xu, Xu, Xu, Xu, Xu, Xu, Xu, Xu, Xu, Xu, Xu, Xu, Xu, Xu, Xu
Gll^Fp, Gll^Fp, Gll^Fp, Gll^Fp, Gll^Fp, Gll^Fp, Gll^Fp, Gll^Fp, Gll^Fp, Gll^Fp, Gll^Fp, Gll^Fp, Gll^Fp, Gll^Fp, Gll^Fp, Sm, Sm, Sm, Sm, Ss, Ss, Ss, Ss, Chs, Chs, Chs, Chs, Chs, Ss, Sm, Sm, Ss, Ss, Ss, Ss, Sm, Ss, Ss, Ss, Ss, Gg, Gg, Gg, Gg, Gg, Gg, Gg, Gg, Gg, Gg, Gg, Gg, Gg, Gg, Gg, Gg, Hh, Hh, Hh, Hh, Gg, Ww, Ww, Ww, Ww, Ww, Wo, Wo, Ww, Ww, Ww, Ww, Gg, Gg, Gg, Gg, Gd, Gd, Rd, Rd, Cud, Gd^Br/, Gd^_fme, Xu, Xu, Xu^Br\, Xu^Br\, Xu, Xu, Xu, Xu, Xu, Xu, Xu, Xu, Xu, Xu, Xu, Xu, Xu, Xu, Xu, Xu, Xu, Xu, Xu, Xu, Xu, Xu, Xu, Xu, Xu, Xu, Xu, Xu, Xu, Xu, Xu, Xu, Xu, Xu, Xu, Xu, Xu, Xu, Xu, Xu, Xu, Xu, Xu, Xu, Xu, Xu, Xu, Xu, Xu, Xu, Xu, Xu, Xu, Xu, Xu, Xu, Xu, Xu, Xu, Xu, Xu
Gs^Fms, Gll^Fp, Gll^Fp, Gll^Fp, Gll^Fp, Gll^Fp, Gll^Fp, Gll^Fp, Gll^Fp, Gll^Fp, Gll^Fp, Gll^Fp, Gll^Fp, Gll^Fp, Gll^Fp, Gll^Fp, Gll^Fp, Sm, Sm, Sm, Ss, Ss, Sm, Ss, Sm, Ss^Ewf, Sm, Ss, Ss, Sm, Sm, Sm, Ss, Ss, Ss, Ss, Ss, Ss^Ewf, Ss, Ss, Gg, Gg, Hh, Gg, Gg, Gg, Gg, Gg, Rb^Gvs, Rb^Gvs, Rb^Gvs, Gg, Gs^Vh, Gg, Gg, Gg, Gg, Gg, Gg, Gg, Ww, Ww, Ww, Ww, Wo, Wo, Wo, Ww, Ww, Ww, Ww, Ww, Ww, Gg, Gg, Gg, Gd, Gd, Gd, Rd, Rd, Gd, Dd^_fme, Xu, Xu, Xu, Xu, Xu^Br\, Xu^Br\, Xu, Xu, Xu, Xu, Xu, Xu, Xu, Xu, Xu, Xu, Xu, Xu, Xu, Xu, Xu, Xu, Xu, Xu, Xu, Xu, Xu, Xu, Xu, Xu, Xu, Xu, Xu, Xu, Xu, Xu, Xu, Xu, Xu, Xu, Xu, Xu, Xu, Xu, Xu, Xu, Xu, Xu, Xu, Xu, Xu, Xu, Xu, Xu, Xu, Xu, Xu, Xu, Xu, Xu, Xu, Xu, Xu, Xu, Xu
Gs^Fms, Gs^Fms, Gs^Fms, Gll^Fp, Gs^Fms, Gll^Fp, Gs^Fms, Gll^Fp, Gs^Fms, Gll^Fp, Gs^Fms, Gll^Fp, Gs^Fms, Gll^Fp, Gll^Fp, Gll^Fp, Gll^Fp, Gll^Fp, Gll^Fp, Ss, Gll^Fp, Sm, Ss, Sm, Ss, Ss, Ss, Sm, Sm, Ss, Ss, Ss, Sm, Sm, Sm, Ss, Ss, Ss, Gg, Gg, Gg, Hh, Hh, Hh, Hh, Gg, Gg, Gg, Rb^Gvs, Rb^Gvs, Rb^Gvs, Rb^Gvs, Rb^Gvs, Gg, Gg, Gg, Gg, Gg, Gg, Ww, Ww, Ww, Ww, Wo, Ww, Ww, Ww, Ww, Gg, Ww, Gg, Ww, Gg, Gg, Gd, Gd, Gd, Gd, Dd, Dd, Dd, Dd, Dd^_fme, Xu, Xu, Xu, Xu, Xu, Xu, Xu^Br\, Xu^Br\, Xu, Xu, Xu, Xu, Xu, Xu, Xu, Xu, Xu, Xu, Xu, Xu, Xu, Xu, Xu, Xu, Xu, Xu, Xu, Xu, Xu, Xu, Xu, Xu, Xu, Xu, Xu, Xu, Xu, Xu, Xu, Xu, Xu, Xu, Xu, Xu, Xu, Xu, Xu, Xu, Xu, Xu, Xu, Xu, Xu, Xu, Xu, Xu, Xu, Xu, Xu, Xu, Xu, Xu, Xu, Xu, Xu
Wwt, Gs^Fms, Gs^Fms, Gs^Fms, Gs^Fms, Gs^Fms, Gs^Fms, Gs^Fms, Gg^Ve, Gs^Fms, Gs^Fms, Gs^Fms, Gs^Fms, Gs^Fms, Gs^Fms, Gll^Fp, Gll^Fp, Gll^Fp, Gll^Fp, Gll^Fp, Gll^Fp, Gll^Fp, Gll^Fp, Ss, Gll^Fp, Ss, Gll^Fp, Ss, Ss, Sm, Ss, Ss, Ss^Vhr, Ss, Ss, Ss, Gg, Gg, Gg, Gg, Gg, Hh, Hh, Hh, Hh, Hh, Hh, Gg, Gg, Rb^Gvs, Rb^Gvs, Rb^Gvs, Gg, Gg, Gg, Gg, Gg, Gg, Ww, Ww, Ww, Ww, Wo, Wo, Ww, Ww, Ww, Ww, Gg, Gg, Gg, Gg, Gd, Gd, Gd, Gd, Gd, Gd, Rd, Rd, Cdr, Cdr, Dd^_fme, Xu, Xu, Xu, Xu, Xu, Xu, Xu, Xu, Xu^Br\, Xu^Br\, Xu, Xu, Xu, Xu, Xu, Xu, Xu, Xu, Xu, Xu, Xu, Xu, Xu, Xu, Xu, Xu, Xu, Xu, Xu, Xu, Xu, Xu, Xu, Xu, Xu, Xu, Xu, Xu, Xu, Xu, Xu, Xu, Xu, Xu, Xu, Xu, Xu, Xu, Xu, Xu, Xu, Xu, Xu, Xu, Xu, Xu, Xu, Xu, Xu, Xu, Xu, Xu, Xu, Xu, Xu
Gs^Fms, Wwt, Wwt, Gs^Fms, Gs^Fms, Gs^Fms, Gs^Fms, Gs^Fms, Gs^Fms, Gs^Fms, Gs^Fms, Gs^Fms, Gs^Fms, Gs^Fms, Gs^Fms, Gs^Fms, Gll^Fp, Gll^Fp, Gll^Fp, Gll^Fp, Gll^Fp, Gll^Fp, Gll^Fp, Gll^Fp, Gll^Fp, Gll^Fp, Gll^Fp, Gll^Fp, Gll^Fp, Sm, Sm, Ss, Ss, Ss, Gg, Gg, Gg, Gg, Gg, Gg, Gg, Hh, Hh, Hh, Hh, Hh, Hh, Gg, Gg, Gg, Gg, Gg, Gg, Gg, Gg, Gg, Ww, Ww, Ww, Ww, Ww, Wo, Ww, Ww, Ww, Ww, Ww, Gg, Gg, Gg, Gg, Gg, Gd, Gd, Gd, Gd, Rd, Rd, Dd^Vda, Dd, Cdr, Dd, Dd^_fme, Xu, Xu, Xu, Xu, Xu, Xu, Xu, Xu, Xu, Xu, Xu^Br\, Xu^Br\, Xu, Xu, Xu, Xu^Br/, Xu^Br\, Xu^Br\, Xu, Xu, Xu, Xu, Xu, Xu, Xu, Xu, Xu, Xu, Xu, Xu, Xu, Xu, Xu, Xu, Xu, Xu, Xu, Xu, Xu, Xu, Xu, Xu, Xu, Xu, Xu, Xu, Xu, Xu, Xu, Xu, Xu, Xu, Xu, Xu, Xu, Xu, Xu, Xu, Xu, Xu, Xu, Xu, Xu, Xu, Xu
Gs^Fms, Gs^Fds, Gs^Fds, Wwt, Wwf, Gs^Fms, Gs^Fds, Gs^Fms, Gg, Gg, Gg, Gg, Gg, Gs^Fms, Gs^Fms, Gs^Fms, Gs^Fms, Gs^Fms, Gs^Fms, Gll^Fp, Gll^Fp, Gll^Fp, Gs^Fms, Gll^Fp, Gs^Fms, Gll^Fp, Gll^Fp, Gll^Fp, Gll^Fp, Ss, Ss, Ss, Gg, Gg, Gg, Gg, Gg, Gg, Gg, Gg, Gg, Gg, Gg, Hh, Hh, Hh, Hh, Gg, Gg, Gg, Gg, Gg, Ww, Ww, Ww, Ww, Ww, Ww, Wo, Ww, Wo, Wo, Ww, Ww, Ww, Ww, Gg, Gg, Gg, Gg, Gd, Gd, Gd, Gd, Rd, Rd, Dd, Dd, Cdr, Cdr, Cdr, Dd, Dd^_fme, Xu, Xu, Xu, Xu, Xu, Xu, Xu, Xu, Xu, Xu, Xu, Xu, Xu^Br\, Xu^Br\, Xu, Xu^Br|, Xu, Xu^Br|, Xu, Xu, Xu, Xu, Xu, Xu, Xu, Xu, Xu, Xu, Xu, Xu, Xu, Xu, Xu, Xu, Xu, Xu, Xu, Xu, Xu, Xu, Xu, Xu, Xu, Xu, Xu, Xu, Xu, Xu, Xu, Xu, Xu, Xu, Xu, Xu, Xu, Xu, Xu, Xu, Xu, Xu, Xu, Xu, Xu, Xu, Xu
Gs^Fms, Gg^Ve, Gs^Fms, Gs^Fds, Gs^Fms, Wwf, Wwt, Gs^Fds, Gs^Fms, Gs^Fds, Gs^Fms, Gs^Fms, Gs^Fms, Gs^Fms, Gs^Fms, Gs^Fms, Gs^Fms, Gs^Fms, Gs^Fms, Gs^Fms, Gs^Fms, Gs^Fms, Gs^Fms, Gs^Fms, Gs^Fms, Gs^Fms, Gs^Fms, Gll^Fp, Gll^Fp, Gll^Fp, Gg, Gg, Gg, Gg, Gg, Gg, Gg, Gg, Gs^Vh, Gg, Gg, Gg, Gg, Gg, Hh, Hh, Hh, Gg, Gg, Gg, Gg, Ww, Ww, Ww, Ww, Wo, Wo, Wo, Wo, Wo, Wo, Wo, Ww, Ww, Gg, Gg, Gd, Gd, Gd, Gd, Gd, Gd, Gd, Rd, Gd, Gd, Dd, Dd, Cdr, 8 Kdr, Cdr, Cdr, Dd^_fme, Xu, Xu, Xu, Xu, Xu, Xu, Xu, Xu, Xu, Xu, Xu, Xu, Xu, Xu^Br|, Xu, Xu^Br|, Xu^Br/, Xu, Xu, Xu, Xu, Xu, Xu, Xu, Xu, Xu, Xu, Xu, Xu, Xu, Xu, Xu, Xu, Xu, Xu, Xu, Xu, Xu, Xu, Xu, Xu, Xu, Xu, Xu, Xu, Xu, Xu, Xu, Xu, Xu, Xu, Xu, Xu, Xu, Xu, Xu, Xu, Xu, Xu, Xu, Xu, Xu, Xu, Xu, Xu
Gs^Fms, Gs^Fms, Gs^Fms, Gs^Fms, Gs^Fds, Gs^Fds, Gs^Fds, Wwt, Wwt, Gs^Fds, Gs^Fds, Gs^Fms, Gs^Fds, Gs^Fms, Gs^Fms, Gs^Fms, Gs^Fms, Gs^Fms, Gg, Gs^Fms, Gs^Fms, Gs^Fms, Gs^Fms, Gs^Fms, Gg^Ve, Gs^Fms, Gs^Fms, Gll^Fp, Gll^Fp, Gll^Fp, Gg, Gg, Gg, Gg, Gg, Gg, Rb^Gvs, Gg, Rb^Gvs, Gg, Rb^Gvs, Gg, Gg, Gg, Gg, Gg, Ww, Ww, Ww^Bw|, Gg, Gg, Ww, Wo, Ww, Wo, Wo, Wo, Wo, Ww, Ww, Ww, Ww, Gg, Gg, Gd, Gd, Gd, Gd, Gd, Gd, Gd, Gd, Gd, Gd, Dd, Dd, Dd, Dd, Dd, Cdr, Cdr, Dd, Dd^_fme, Xu, Xu, Xu, Xu, Xu, Xu, Xu, Xu, Xu, Xu, Xu, Xu, Xu, Xu^Br|, Xu, Xu^Br|, Xu^Br\, Xu^Br\, Xu, Xu, Xu, Xu, Xu, Xu, Xu, Xu, Xu, Xu, Xu, Xu, Xu, Xu, Xu, Xu, Xu, Xu, Xu, Xu, Xu, Xu, Xu, Xu, Xu, Xu, Xu, Xu, Xu, Xu, Xu, Xu, Xu, Xu, Xu, Xu, Xu, Xu, Xu, Xu, Xu, Xu, Xu, Xu, Xu, Xu, Xu
Gs^Fms, Gs^Fms, Gs^Fms, Gs^Fds, Gs^Fds, Gs^Fms, Gs^Fds, Gs^Fms, Gs^Fds, Wwt, Gs^Fms, Gs^Fds, Gs^Fms, Gs^Fds, Gs^Fds, Gs^Fds, Gs^Fds, Gs^Fds, Gg, Gg, Gs^Fms, Gs^Fms, Gs^Fds, Gs^Fms, Gs^Fms, Gs^Fms, Gs^Fms, Gg, Gg, Gll^Fp, Gg, Gg, Gg, Gg, Rb^Gvs, Rb^Gvs, Rb^Gvs, Rb^Gvs, Rb^Gvs, Rb^Gvs, Rb^Gvs, Rb^Gvs, Rb^Gvs, Gg, Ww, Ww, Ww, Ww, Wo^Bw|r, Ww, Ww, Ww, Wo, Ww, Wo, Wo, Ww, Ww, Ww, Ww, Ww, Gg, Gd, Gd, Gd, Gd, Gd, Gd, Gd, Rd, Rd, Gd, Gd, Gd, Dd, Dd, Dd, Dd, Dd, Dd, Cdr, Dd, Dd^_fme, Xu, Xu, Xu, Xu, Xu, Xu, Xu, Xu, Xu, Xu, Xu, Xu, Xu, Xu^Br|, Xu, Xu^Br|, Xu, Xu, Xu^Br\, Xu^Br\, Xu, Xu, Xu, Xu, Xu, Xu, Xu, Xu, Xu, Xu, Xu, Xu, Xu, Xu, Xu, Xu, Xu, Xu, Xu, Xu, Xu, Xu, Xu, Xu, Xu, Xu, Xu, Xu, Xu, Xu, Xu, Xu, Xu, Xu, Xu, Xu, Xu, Xu, Xu, Xu, Xu, Xu, Xu, Xu, Xu
Gs^Fms, Gs^Fms, Gs^Fms, Gs^Fms, Cv^Fms, Gs^Fds, Gs^Fms, Gs^Fds, Gs^Fms, Wwf, Gs^Fds, Gs^Fms, Gs^Fms, Gg^Ve, Gs^Fms, Gs^Fms, Gs^Fms, Gs^Fms, Gg, Gs^Fds, Gs^Fds, Gs^Fds, Gs^Fms, Gs^Fds, Gs^Fms, Gs^Fms, Gg, Gg, Gg, Gg, Gg, Gg, Gg, Gg, Rb^Gvs, Rb^Gvs, Rb^Gvs, Rb^Gvs, Rb^Gvs, Rb^Gvs, Rb^Gvs, Rb^Gvs, Ww, Ww, Ww, Ww, Wo, Wo, Mm, Wo, Wo, Wo, Wo, Wo, Ww, Ww, Ww, Ww, Ww, Ww, Gg, Gg, Gd, Gd, Gd, Gd, Gd, Gd, Gd, Rd, Rd, Rd, Rd, Dd, Dd, Dd, Dd, Dd, Dd, Dd, Dd, Cdr, Dd^_fme, Xu, Xu, Xu, Xu, Xu, Xu, Xu, Xu, Xu, Xu, Xu, Xu, Xu, Xu^Br|, Xu, Xu^Br|, Xu, Xu, Xu, Xu, Xu^Br\, Xu^Br\, Xu, Xu, Xu, Xu, Xu, Xu, Xu, Xu, Xu, Xu, Xu, Xu, Xu, Xu, Xu, Xu, Xu, Xu, Xu, Xu, Xu, Xu, Xu, Xu, Xu, Xu, Xu, Xu, Xu, Xu, Xu, Xu, Xu, Xu, Xu, Xu, Xu, Xu, Xu, Xu, Xu, Xu, Xu
Gs^Fms, Gs^Fms, Gs^Fms, Gg^Ve, Gs^Fds, Cv^Fds, Cv^Fds, Gs^Fds, Gs^Fds, Wwt, Wwt, Gs^Fds, Gs^Fds, Gs^Fms, Gs^Fms, Gs^Fms, Gs^Fds, Gs^Fms, Gg, Gg, Gs^Fds, Gs^Fds, Gs^Fds, Gs^Fds, Gs^Fms, Gs^Fms, Gs^Fms, Gg, Gg, Gg, Gg, Gg, Gg, Rb^Gvs, Rb^Gvs, Rb^Gvs, Rb^Gvs, Rb^Gvs, Rb^Gvs, Rb^Gvs, Rb^Gvs, Rb^Gvs, Ww, Ww, Ww, Wo, Wo, Mm, Hh^Vhh, Mm, Wo, Wo, Ww, Ww, Ww, Ww, Ww, Ww, Ww, Ww, Gg, Gd, Gd, Gd, Gd, Gd, Gd, Gd, Gd, Rd, Dd, Rd, Dd, Dd, Dd, Dd, Dd^Vdt, Dd, Dd, Dd, Dd, Dd, Dd^_fme, Xu, Xu, Xu, Xu, Xu, Xu, Xu, Xu, Xu, Xu, Xu, Xu, Xu, Xu^Br|, Xu, Xu^Br|, Xu, Xu, Xu, Xu, Xu, Xu, Xu^Br\, Xu^Br\, Xu, Xu, Xu, Xu, Xu, Xu, Xu, Xu, Xu, Xu, Xu, Xu, Xu, Xu, Xu, Xu, Xu, Xu, Xu, Xu, Xu, Xu, Xu, Xu, Xu, Xu, Xu, Xu, Xu, Xu, Xu, Xu, Xu, Xu, Xu, Xu, Xu, Xu, Xu, Xu, Xu
Gs^Fms, Gs^Fms, Cv^Fms, Gs^Fms, Gg^Fet, Gs^Fms, Cv^Fms, Gs^Fms, Gs^Fms, Wwt, Gs^Fms, Gs^Fms, Gs^Fds, Gs^Fds, Gs^Fds, Gs^Fds, Gs^Fds, Gs^Fms, Gs^Fms, Gg, Gs^Fds, Gs^Fms, Gs^Fds, Gs^Fms, Gs^Fms, Gs^Fms, Gs^Fms, Gs^Fms, Gg, Gg, Gg, Gg, Gg, Rb^Gvs, Rb^Gvs, Rb^Gvs, Rb^Gvs, Rb^Gvs, Rb^Gvs, Rb^Gvs, Rb^Gvs, Ww, Ww, Ww, Wo, Wo, Wo, Mm, Mm, Mm, Wo, Ww, Ww, Ww, Ww, Ww, Ww, Ww, Gg, Gg, Gd, Gd, Gd, Gd, Gd, Gd, Dd, Gd, Dd, Dd, Dd, Dd, Dd, Dd, Dd, Dd, Dd, Dd, Dd, Dd, Dd, Dd, Dd^_fme, Xu, Xu, Xu, Xu, Xu, Xu, Xu, Xu, Xu, Xu, Xu, Xu, Xu, Xu^Br|, Xu, Xu^Br|, Xu, Xu, Xu, Xu, Xu, Xu, Xu, Xu, Xu^Br\, Xu^Br\, Xu, Xu, Xu, Xu, Xu, Xu, Xu, Xu, Xu, Xu, Xu, Xu, Xu, Xu, Xu, Xu, Xu, Xu, Xu, Xu, Xu, Xu, Xu, Uu, Xu, Xu, Xu, Xu, Xu, Xu, Xu, Xu, Xu, Xu, Xu, Xu, Xu, Xu, Xu
Gs^Fms, Cv^Fms, 2 Kv^Fms, Cv^Fms, Gs^Fms, Gs^Fms, Cv^Fms, Gs^Fms, Gs^Fms, Wwf, Wwt, Gs^Fms, Gs^Fds, Gs^Fms, Gs^Fds, Gs^Fds, Gs^Fms, Gs^Fms, Gs^Fms, Gs^Fds, Gs^Fms, Gs^Fds, Gg^Efm, Gs^Fds, Gs^Fms, Gs^Fms, Gs^Fms, Gs^Fms, Gg, Gg, Gg, Gg, Gg, Gg, Gg, Gg, Gg, Gg, Gg, Rb^Gvs, Ww, Ww, Ww, Ww, Wo, Wo, Wo, Rb, Wo^Bw\r, Wo, Ww, Ww, Ww, Ww, Gg, Ww, Gg, Gg, Gd, Gd, Gd, Gd, Gd, Gd, Dd, Dd, Dd, Dd, Dd, Dd, Dd, Dd, Dd, Dd, Dd, Dd, Dd, Dd, Dd, Dd, Dd, Dd, Dd^_fme, Xu, Xu, Xu, Xu, Xu, Xu, Xu, Xu, Xu, Xu, Xu, Xu, Xu, Xu^Br|, Xu, Xu^Br|, Xu, Xu, Xu, Xu, Xu, Xu, Xu, Xu, Xu, Xu, Xu^Br\, Xu^Br\, Xu, Xu, Xu, Xu, Xu, Xu, Xu, Xu, Xu, Xu, Xu, Xu, Xu, Xu, Xu, Xu, Xu, Xu, Xu, Uu^Uf, Uu, Uu^Uf, Uu, Xu, Xu, Xu, Xu, Xu, Xu, Xu, Xu, Xu, Xu, Xu, Xu, Xu, Xu
Gs^Fms, Cv^Fms, Cv^Fms, Cv^Fms, Cv^Fms, Cv^Fms, Gs^Fms, Gs^Fms, Gs^Fms, Gs^Fms, Wwt, Gs^Fds, Gs^Fds, Gs^Fds, Gs^Fms, Gs^Fms, Gs^Fms, Gs^Fms, Gs^Fds, Gs^Fds, Gs^Fms, Gg^Efm, Gg^Efm, Gs^Fds, Gs^Fms, Gs^Fms, Gs^Fms, Gs^Fms, Gg, Gg, Gg, Gg, Gg, Gg, Gg, Gg, Gg, Gs^Vh, Gg, Gg, Ww, Ww, Ww, Ww, Wo, Wo, Ww, Wo, Gg, Ww, Gg, Gg, Gg, Gg, Gg, Gg, Gd, Gd, Gd, Gd, Dd, Dd, Dd, Dd, Dd, Dd, Dd, Dd, Dd, Dd, Dd, Dd, Dd, Dd, Dd, Dd, Rd, Rd, Dd, Dd, Dd, Dd, Dd^_fme, Xu, Xu, Xu, Xu, Xu, Xu, Xu, Xu, Xu, Xu, Xu, Xu, Xu, Xu^Br|, Xu, Xu^Br|, Xu, Xu, Xu, Xu, Xu, Xu, Xu, Xu, Xu, Xu, Xu, Xu, Xu^Br\, Xu^Br\, Xu, Xu, Xu, Xu, Xu, Xu, Xu, Xu, Xu, Xu, Xu, Xu, Xu, Xu, Xu, Xu, Xu, Uu, Uu, Uu, Uu, Xu, Xu, Xu, Xu, Xu, Xu, Xu, Xu, Xu, Xu, Xu, Xu, Xu, Xu
Gs^Fms, Gs^Fms, Gs^Fms, Gs^Fms, Gs^Fms, Gs^Fms, Gs^Fms, Gs^Fms, Gs^Fms, Gs^Fms, Gs^Fms, Wwt, Wwf, Gs^Fms, Gs^Fms, Gs^Fms, Gs^Fms, Gs^Fms, Gs^Fds, Gs^Fms, Gs^Fms, Gs^Fms, Gs^Fds, Gs^Fds, Gs^Fms, Gs^Fms, Gs^Fms, Gs^Fms, Gg, Gg, Rb^Gvs, Gg, Gg, Gg, Gg, Gg, Gg, Gg, Gg, Gg, Ww, Ww, Ww, Ww, Wo, Wo, Ww, Ww, Gg, Gg, Gg, Gg, Gd, Gg, Gd, Gd, Gd, Gd, Dd, Dd, Dd, Dd, Dd, Dd, Dd, Dd, Dd, Dd, Dd, Dd, Dd^Vdt, Dd, Dd, Dd, Dd, Rd, Rd, Dd, Dd, Dd, Dd, Dd, Dd^_fme, Xu, Xu, Xu, Xu, Xu, Xu, Xu, Xu, Xu, Xu, Xu, Xu, Xu, Xu^Br|, Xu, Xu^Br|, Xu, Xu, Xu, Xu, Xu, Xu, Xu, Xu, Xu, Xu, Xu, Xu, Xu, Xu, Xu^Br\, Xu^Br\, Xu, Xu, Xu, Xu, Xu, Xu, Xu, Xu, Xu, Xu, Xu, Xu, Xu, Xu, Xu, Xu, Uu^Uf, Xu, Uu, Uu, Xu, Xu, Xu, Xu, Xu, Xu, Xu, Xu, Xu, Xu, Xu, Xu, Xu
Gs^Fms, Gs^Fms, Gs^Fms, Gg^Ve, Gs^Fms, Gs^Fms, Gs^Fms, Gs^Fms, Gs^Fms, Gs^Fms, Gs^Fms, Gs^Fms, Gs^Fms, Wwt, Wwt, Gs^Fms, Gs^Fms, Gs^Fms, Gs^Fds, Gs^Fms, Gs^Fms, Gs^Fds, Gs^Fms, Gs^Fms, Gs^Fms, Gs^Fms, Gs^Fms, Gs^Fms, Gg, Gg, Rb^Gvs, Rb^Gvs, Rb^Gvs, Gg, Gg, Gg, Gg, Gg, Gg, Gg, Ww, Ww, Ww, Wo, Wo, Wo, Ww, Ww, Ww, Gg, Gg, Gd, Gd, Gd, Gd, Gd, Dd, Dd, Dd, Dd, Dd, Dd, Dd, Dd, Dd, Dd, Dd, Dd, Dd, Dd, Rd, Dd, Dd, Rd, Rd, Rd, Dd, Dd, Dd, Dd, Dd, Dd, Dd^_fme, Xu, Xu, Xu, Xu, Xu, Xu, Xu, Xu, Xu, Xu, Xu, Xu, Xu, Xu^Br|, Xu, Xu^Br|, Xu, Xu, Xu, Xu, Xu, Xu, Xu, Xu, Xu, Xu, Xu, Xu, Xu, Xu, Xu, Xu, Xu^Br\, Xu^Br\, Xu, Xu, Xu, Xu, Xu, Xu, Xu, Xu, Xu, Xu, Xu, Xu, Xu, Xu, Xu, Xu, Xu, Uu, Xu, Xu, Xu, Xu, Xu, Uu, Xu, Xu, Xu, Xu, Xu, Xu, Xu
Gs^Fms, Gs^Fms, Gs^Fms, Gs^Fms, Gs^Fms, Gs^Fms, Gs^Fms, Gs^Fms, Gg, Gg, Gs^Fms, Gs^Fms, Gs^Fms, Gs^Fms, Wwt, Gs^Fms, Gs^Fms, Gs^Fms, Gs^Fds, Gs^Fms, Gs^Fds, Gg^Ve, Gs^Fms, Gs^Fms, Gs^Fms, Gs^Fms, Gs^Fms, Gg, Gg, Gg, Gg, Rb^Gvs, Rb^Gvs, Rb^Gvs, Gg, Gg, Gg, Gg, Gg, Gg, Ww, Ww, Ww, Wo, Wo, Wo, Wo, Ww, Ww, Gg, Gg, Gd, Gd, Gd, Gd, Rd, Rd, Rd, Rd, Rd, Rd, Rd, Rd, Rd, Rd, Rd, Rd, Rd, Rd, Rd, Dd, Rd, Rd, Rd, Dd, Dd, Dd, Dd, Dd, Dd, Dd^Vdt, Dd, Dd^_fme, Xu, Xu, Xu, Xu, Xu, Xu, Xu, Xu, Xu, Xu, Xu, Xu, Xu, Xu^Br|, Xu, Xu^Br|, Xu, Xu, Xu, Xu, Xu, Xu, Xu, Xu, Xu, Xu, Xu, Xu, Xu, Xu, Xu, Xu, Xu, Xu, Xu^Br\, Xu^Br\, Xu, Xu, Xu, Xu, Xu, Xu, Xu, Xu, Xu, Xu, Xu, Xu, Xu, Xu, Xu, Xu, Uu, Uh, Xu, Xu, Uu, Chr, Uu, Xu, Xu, Xu, Xu, Xu, Xu
Gs^Fms, Gs^Fms, Gg, Gg, Gg, Gg, Gs^Fds, Gs^Fds, Gg, Gg^Efm, Gs^Fms, Gs^Fms, Gg^Ve, Gs^Fms, Gs^Fms, Wwt, Wwt, Gs^Fms, Gs^Fds, Gs^Fds, Gs^Fms, Gs^Fms, Gs^Fms, Gs^Fms, Gs^Fms, Gs^Fms, Gs^Fms, Gg, Gg, Gg, Gg, Gs^Vh, Rb^Gvs, Rb^Gvs, Rb^Gvs, Gg, Gg, Ww, Ww, Ww^Bw\, Ww^Bw\, Wo, Wo, Wo, Wo, Wo, Wo, Wo, Ww, Ww, Gg, Gd, Gd, Gd, Gd, Dd, Dd, Dd, Dd, Dd, Dd, Dd, Dd, Dd, Dd, Dd, Dd, Dd, Dd, Dd, Dd, Dd, Dd, Dd, Dd, Dd, Dd, Dd, Dd, Dd, Dd, Dd, Dd^_fme, Xu, Xu, Xu, Xu, Xu, Xu, Xu, Xu, Xu, Xu, Xu, Xu, Xu, Xu^Br|, Xu, Xu^Br|, Xu, Xu, Xu, Xu, Xu, Xu, Xu, Xu, Xu, Xu, Xu, Xu, Xu, Xu, Xu, Xu, Xu, Xu, Xu, Xu, Xu^Br\, Xu^Br\, Xu, Xu, Xu, Xu, Xu, Xu, Xu, Xu, Xu, Xu, Xu, Xu, Xu, Uh, Uu, Uu, Uh, Uh, Uu, Chr, 9 Khr, Uu, Xu, Xu, Xu, Xu, Xu
Gs^Fms, Gs^Fms, Gs^Fms, Gs^Fds, Gs^Fds, Gs^Fds, Gs^Fms, Gs^Fds, Gs^Fms, Gg, Gs^Fms, Gs^Fms, Gs^Fms, Gs^Fms, Gs^Fds, Gs^Fds, Wwf, Gs^Fds, Gs^Fms, Gs^Fms, Gs^Fms, Gs^Fms, Gs^Fms, Gs^Fms, Gs^Fms, Gs^Fms, Gg, Gg, Hh, Gg, Rb^Gvs, Rb^Gvs, Rb^Gvs, Rb^Gvs, Gg, Gg, Ww, Ww, Wo, Ww, Wo, Wo^Bw\, Rb^Dr, Wo, Rb^Dr, Wo, Wo, Wo, Ww, Ww, Gg, Gg, Gd, Gd, Gd, Dd, Dd, Dd, Dd^Vda, Dd, Dd, Dd, Dd, Dd, Dd, Dd, Dd, Dd, Dd, Dd, Dd, Dd, Dd, Dd, Dd, Dd, Dd, Dd, Dd, Dd, Dd, Dd, Dd^_fme, Xu, Xu, Xu, Xu, Xu, Xu, Xu, Xu, Xu, Xu, Xu, Xu, Xu, Xu^Br|, Xu, Xu^Br|, Xu, Xu, Xu, Xu, Xu, Xu, Xu, Xu, Xu, Xu, Xu, Xu, Xu, Xu, Xu, Xu, Xu, Xu, Xu, Xu, Xu, Xu, Xu^Br\, Xu^Br\, Xu, Xu, Xu, Xu, Xu, Xu, Xu, Uh, Uh, Uh, Xu, Uh, Uu, Uu, Uu, Uu, Uu, Uu, Chr, Uu, Xu, Xu, Xu, Xu, Xu
Gs^Fds, Gs^Fds, Gs^Fds, Gs^Fds, Gs^Fds, Gs^Fms, Gs^Fds, Gs^Fds, Gs^Fds, Gg, Gs^Fds, Gs^Fms, Gs^Fds, Gs^Fms, Gs^Fds, Gs^Fms, Wwf, Gs^Fds, Gs^Fds, Gs^Fds, Gs^Fms, Gs^Fms, Gs^Fms, Gs^Fms, Gg, Gg, Gg, Hh, Hh, Hh, Gg, Rb^Gvs, Gg, Gg, Ww^Bsb\, Ww, Wo, Wo, Wo, Wo, Rb^Dr, Rb^Dr, Rr, Rb^Dr, Ch, Rb^Dr, Rb^Dr, Wo, Ww, Ww, Ww, Gg, Gd, Gd, Gd, Gd, Hd, Dd, Dd, Dd, Dd, Dd, Dd, Rd, Rd, Dd, Dd, Dd, Dd, Dd, Dd, Dd^Vdt, Dd, Dd, Dd, Dd, Dd, Dd, Dd, Dd, Dd, Dd, Hd^_fme, Xu, Xu, Xu, Xu, Xu, Xu, Xu, Xu, Xu, Xu, Xu, Xu, Xu, Xu^Br|, Xu, Xu^Br|, Xu, Xu, Xu, Xu, Xu, Xu, Xu, Xu, Xu, Xu, Xu, Xu, Xu, Xu, Xu, Wwg, Xu, Xu, Xu, Xu, Xu, Xu, Xu, Xu, Xu^Br\, Xu^Br\, Xu, Xu, Xu, Uh, Uh, Uh, Uh, Uh, Uh, Uh, Uu, Uu, Uu, Uu, Uu, Xu, Uu, Xu, Xu, Xu, Xu, Xu, Xu
Gs^Fms, Gs^Fds, Gs^Fms, Gs^Fds, Gs^Fms, Gs^Fds, Gs^Fds, Gs^Fds, Gs^Fms, Gg, Gs^Fms, Gs^Fds, Gs^Fms, Gs^Fds, Gs^Fds, Gs^Fds, Wwf, Gs^Fms, Gs^Fds, Gs^Fds, Gs^Fms, Gs^Fms, Gs^Fms, Gg, Gg, Gg, Gg, Gg, Gg, Hh, Gg, Gg, Ww, Ww, Ww, Wo^Bsb\, Wwf^Bsb\, Wwf, Ch, Ch, Ch, Rr, Rr, Ch, Rr^Vhc, Ch, Rr, Wo, Wo^Bw/r, Ww^Bw/r, Ww, Gg, Gg, Gd, Hhd, Hhd, Hhd, Hd, Hd, Dd, Dd, Dd, Dd, Re^Vct, Rd, Rd, Dd, Dd, Dd, Dd, Dd, Dd, Dd, Dd, Rd, Rd, Hd, Rd, Hd, Rd, Hd, Hd, Hd^_fme, Xu, Xu, Xu, Xu, Xu, Xu, Xu, Xu, Xu, Xu, Xu, Xu, Xu, Xu^Br|, Xu, Xu^Br|, Xu, Xu, Xu, Xu, Xu, Xu, Xu, Xu, Xu, Xu, Xu, Xu, Xu, Wog, Wwg, Wog, Wwg, Wog, Xu, Xu, Xu, Xu, Xu, Xu, Xu, Xu, Xu^Br\, Uu^Br\, Uh, Uh, Uh, Uu, Uu, Uu, Uu, Uu, Uu, Uu, Uu, Uu, Uu, Uh, Xu, Xu, Xu, Xu, Xu, Xu, Xu
Gs^Fms, Gs^Fms, Gs^Fms, Gs^Fds, Gs^Fms, Gs^Fms, Gs^Fds, Gs^Fms, Gs^Fds, Gs^Fms, Gs^Fds, Gs^Fms, Gs^Fds, Gs^Fms, Gs^Fms, Gs^Fds, Wwt, Gs^Fds, Gs^Fds, Gs^Fms, Gs^Fms, Gs^Fms, Gs^Fms, Gs^Fms, Gs^Fms, Gg, Gg, Gs^Fms, Gg, Gg, Gg, Gg, Ww, Ww, Wo, Wo, Wwf, Ch, Rr, Rr, Rr, Rr, Rr, Rr, Rr, Rr, Ch, Wwf, Wo, Ww, Ww, Gg, Gg, Gg, Gg, Hhd, Hhd, Hhd, Hhd, Hd, Hd, Dd, Dd, Rd, Rd, Dd, Dd, Dd, Dd, Dd, Dd, Dd, Dd, Dd, Hd, Hd, Hd, Hd, Hd, Hd, Hd, Hd, Hd^_fme, Xu, Xu, Xu, Xu, Xu, Xu, Xu, Xu, Xu, Xu, Xu, Xu, Xu, Xu^Br|, Xu, Xu^Br|, Xu, Xu, Xu, Xu, Xu, Xu, Xu, Xu^Br/, Xu^Br\, Xos^Br\, Xu, Wwg, Wog, Wog, Wwg, Wog, Wwg, Wog, Wog, Wog, Wwg, Wwg, Xu, Xu, Xu, Xu, Xu, Xu, Uh, Uh, Uu, Uh, Uh, Uh, Uh, Uh, Uu, Uu, Uu, Uu, Uh, Xu, Xu, Xu, Xu, Xu, Xu, Xu, Xu
Gs^Fms, Gs^Fms, Gs^Fms, Gs^Fds, Gs^Fds, Gs^Fds, Gs^Fds, Gs^Fds, Gs^Fms, Gs^Fds, Gs^Fds, Gs^Fds, Gs^Fds, Gs^Fms, Gs^Fms, Gs^Fms, Wwf, Gs^Fms, Gs^Fms, Gs^Fms, Gs^Fds, Gs^Fds, Gs^Fms, Gs^Fms, Gs^Fms, Gg, Gg, Gs^Fms, Gg, Gg, Gs^Fms, Gg, Ww, Wo, Wo, Wwf, Ch, Ch, Rr, Rr, Ch, Ch, Ch, Rr, Rr, Rr, Rr, Ch, Wwf, Wo, Ww, Wwf, Wwf, Wwf, Wwf, Hhd, Hhd, Hhd, Hhd, Hhd, Hhd, Hd, Hd, Hd, Hd, Hd, Hd, Hd, Hd, Hd, Hd, Hd, Hd, Hd, Hd, Hd, Hd, Hd, Hd, Hd, Hd, Hd, Hd^_fme, Xu, Xu, Xu, Xu, Xu, Xu, Xu, Xu, Xu, Xu, Xu, Xu, Xu, Xu^Br|, Xu, Xu^Br|, Xu, Xu, Xu, Xu, Xu, Xu^Br/, Xu^Br/, Xu, Xu, Wwg^Br|, Wwg, Wwg, Wwg, Wwg, Wwg, Xu, Wwg, Wwg, Wwg, Wwg, Wwg, Wwg, Wwg, Ww, Xu, Xu, Xu, Xu, Uh, Uh, Uu, Uh, Uh, Uh, Uh, Xu, Uh, Uh, Uu, Uu, Uh, Xu, Xu, Xu, Xu, Xu, Xu, Xu, Xu
Gs^Fms, Gs^Fms, Gs^Fms, Gs^Fms, Gs^Fms, Gs^Fms, Gs^Fms, Gs^Fds, Gs^Fds, Gs^Fds, Gs^Fms, Gs^Fds, Gg, Gs^Fms, Gs^Fds, Gs^Fds, Gs^Fds, Wwt, Wwt, Gs^Fds, Gs^Fms, Gs^Fms, Gs^Fms, Gs^Fms, Gs^Fms, Gg, Gg, Gg, Gg, Gs^Fms, Gs^Fms, Gg, Ww, Wo, Wwf, Wwf, Rr, Rr, Rr^Vhc, Rr, Ch, 1 Kh, Rr^Vwm, Ch, Rr, Rr, Rr, Rr, Wwf, Wo, Ww, Gg, Gg, Gg, Gg, Wwf, Wwf, Hhd, Md, Hhd, Hhd, Hd, Hd, Hd, Hd, Hd, Hd, Hd, Hd, Hd, Hd, Hd, Hd, Hd, Hd, Hd, Hd, Hd, Hd, Hd, Hd^Vdt, Hd, Hd^_fme, Xu, Xu, Xu, Xu, Xu, Xu, Xu, Xu, Xu, Xu, Xu, Xu, Xu, Xu^Br|, Xu, Xu^Br|, Xu, Xu, Xu, Xu^Br/, Xu^Br/, Xu, Xu, Wwg, Wog, Wwg^Br|, Wog, Wog, Wog, Xu, Xu, Xuc, Xu, Xu, Xu, Xu, Xu, Xu, Wwg, Ww, Ww, Xu, Xu, Xu, Uh, Uh, Uu, Uh, Uh, Uh, Uh, Xu, Xu, Xu, Uu, Xu, Xu, Xu, Xu, Xu, Xu, Xu, Xu, Xu, Xu
Gs^Fms, Gg^Ve, Gs^Fms, Gs^Fms, Gs^Fms, Gs^Fms, Gs^Fms, Gs^Fds, Gs^Fds, Gs^Fms, Gs^Fds, Gg, Gs^Fms, Gs^Fds, Gs^Fms, Gs^Fds, Gg^Ve, Gs^Fms, Gs^Fds, Wwt, Wwt, Gs^Fds, Gs^Fms, Gs^Fms, Gs^Fms, Gg, Gs^Fms, Gg, Gg, Gg, Gg, Gg, Ww, Wo, Wo, Rr, Ch, Rr, Rr, Rr, Ch, Ch, Ch, Ch, Rr, Rr, Ch, Rr, Wo^Bsb\, Wo, Ww, Gg, Gg, Gg, Gg, Hhd^Vhr, Hhd, Wwf, Wwf, Md, Md, Hd, Hd, Hd, Hd, Hd, Hd, Hd^Vdt, Hd, Hd, Hd, Hd, Hd, Hd, Hd, Hd, Hd, Hd, Hd, Hd, Hd, Hd, Md^_fme, Xu, Xu, Xu, Xu, Xu, Xu, Xu, Xu, Xu, Xu, Xu, Xu, Xu, Xu^Br|, Xu, Xu^Br|, Xu, Xu^Br/, Xu^Br/, Xu, Xu, Wog, Wwg, Wwg, Wog, Wwg^Br|, Wog, Xu, Xu, Xuc, Xuc, Uu^Emf, Xuc, Xuc, Xu, Xu, Xu, Xu, Xu, Xu, Ww, Ww, Xu, Xu, Uh, Wwf, Uu, Uh, Uh, Uh, Uh, Xu, Xu, Xu, Uu, Xu, Xu, Xu, Xu, Xu, Xu, Xu, Xu, Xu, Xu
Gs^Fms, Gs^Fms, Gs^Fms, Gs^Fms, Gs^Fms, Gg, Gs^Fms, Gs^Fms, Gs^Fms, Gs^Fds, Gs^Fds, Gs^Fms, Gs^Fms, Gs^Fms, Gs^Fms, Gs^Fds, Gs^Fms, Gs^Fds, Gs^Fds, Gs^Fms, Gs^Fms, Wwt, Wwf, Gs^Fms, Gs^Fms, Gg, Gg, Gg, Gg, Gg, Gg, Gg, Ww^Bw/r, Ww^Bw/r, Wo, Rb, Rb, Ch, Rr, Rr, Rr, Ch, Rr, Rr, Rr, Rr, Rr, Wwf, Wo, Ww^Bsb\, Ww^Bsb\, Gg, Gg, Gg, Hhd, Hhd, Hhd, Hhd, Md, Wwf, Wwf, Md, Md, Hd, Md, Hd, Re, Hd, Re, Hd, Hd, Hd, Hd, Hd, Hd, Hd, Md, Md, Md, Md, Md, Md, Md^_fme, Xu, Xu, Xu, Xu, Xu, Xu, Xu, Xu, Xu, Xu, Xu, Xu, Xu, Xu^Br\, Xu, Xu, Xu^Br\, Xu, Xu, Wwg, Wog, Wwg, Wog, Wwg, Wwg, Xos^Br|, Xu, Xuc, Xuc, Uu^Vud, Uu^Emf, Uu^Emf, Uu^Emf, Uu^Emf, Xuc, Xuc, Xu, Uu, Uu, Uu, Xu, Xu, Ww, Ww, Wwf, Ww, Wwf, Uh, Uh, Uh, Xu, Xu, Xu, Uu, Uu, Uu, Xu, Xu, Xu, Xu, Xu, Xu, Xu, Xu, Xu
Gs^Fms, Gs^Fms, Gs^Fms, Gs^Fms, Gs^Fms, Gg^Efm, Gs^Fms, Gs^Fms, Gs^Fms, Gs^Fms, Gs^Fds, Gs^Fms, Gs^Fds, Gs^Fds, Gs^Fds, Gs^Fds, Gs^Fds, Gs^Fds, Gs^Fms, Gs^Fms, Gg, Gs^Fms, Gs^Fms, Wwt, Wwt, Gg, Gg, Gg, Rr, Rr, Rr, Rr, Ww, Ww, Wo, Rb, Rb, Ch, Ch, Rr, Rr, Rr, Rr, Rr, Rr^Vhc, Rr, Ch, Wwf, Wo, Ww, Ww, Rr, Gg, Gg, Hhd, Hhd, Hhd, Hhd, Md, Wwf, Md, Wwf, Wwf, Md, Md, Md, Md, Re, Wwf, Re, Md, Hd, Md, Md, Md, Md, Md, Md, Md, Md, Md, Md, Wwf^_fme, Xu, Xu, Xu, Xu, Xu, Xu, Xu, Xu, Xu, Xu, Xu, Xu, Xu, Xu, Xu^Br\, Xu^Br\, Xu, Xu, Wwg, Wog, Wog, Wwg, Wwg, Xu, Xu, Xos^Br|, Xu, Xuc, Uu, Uu, Uu^Br\, Uu^Br\, Uu^Emf, Uu^Emf, Uu^Emf, Uu^Emf, Uu, Xu, Xu, Xu, Uu, Uu, Xu, Xu, Ww, Ww, Wwf, Uh, Uh, Xu, Xu, Xu, Xu, Uu, Uu^Vu, Uu, Uu, Uu, Uu, Uu, Xu, Xu, Xu, Xu, Xu
Gs^Fms, Gs^Fms, Gs^Fds, Gs^Fds, Gs^Fms, Gs^Fms, Gs^Fms, Gs^Fms, Gs^Fms, Gs^Fds, Gs^Fds, Gs^Fds, Gs^Fms, Gs^Fms, Gs^Fds, Gs^Fds, Gs^Fds, Gs^Fds, Gs^Fms, Gs^Fms, Gg, Gg, Gg, Gg, Gg, Wwt, Ww^Bw/, Rr, Gg, Rr, Gg, Gg, Ww, Ww, Wo, Rb, Rb, Rb, Ch, Ch, Rr, Rr, Ch, Rr, Ch, Ch, Wwf, Wo, Ww, Ww, Ww, Rr, Gg, Hhd, Hhd, Hhd, Hhd, Hhd, Md, Md, Md, Md, Md, Wwf, Wwf, Md, Md, Md, Md, Wwf, Wwf, Md, Md, Md, Md, Md, Md, Md^Vhh, Md, Md, Wwf, Wwf, Md^_fme, Xu, Xu, Xu, Xu, Xu, Xu, Xu, Xu, Xu, Xu, Xu, Xu, Xu, Xu, Xu, Xu, Xu^Br\, Xos^Br\, Wwg, Wwg, Wwg, Xu, Xu, Xuc, Xuc, Uu^Br|, Xuc, Uu, Cud, Cud, Uu, Uu^Br|, Uu, Uu, Uu^Emf, Uu^Emf, Xuc, Xu, Xu, Xu, Xu, Xu, Uu, Uu, Xu, Wwt, Wwf, Xu, Xu, Uu, Uu, Uu, Xu, Xu, Uu, Xu, Xu, Xu, Xu, Uu, Xu, Xu, Xu, Xu, Xu
Gs^Fms, Gs^Fms, Gs^Fds, Gs^Fms, Gs^Fms, Gs^Fms, Gs^Fds, Gs^Fds, Gs^Fds, Gs^Fds, Gs^Fms, Gs^Fms, Gs^Fds, Gg, Gs^Fms, Gs^Fms, Gs^Fms, Gs^Fms, Gs^Fms, Gs^Fms, Gg, Gg, Gg, Gg, Rr, Rr, Ww, Gg, Gg, Gg, Gg, Gg, Ww, Ww, Wo, Wo, Rb, Rb, Rb, Rr, Rb, Rr, Wwf, Ch, Wwf, Ch, Wo, Wo, Ww, Ww, Rr, Rr, Hh, Hh, Hh, Hhd, Mm, Md, Md, Md, Md, Md, Md, Md, Md, Wwf, Wwf, Md, Md, Md, Md, Wwf, Wwf, Wwf, Wwf, Md, Wwf, Md, Wwf, Wwf, Md, Md, Md^_fme, Xu, Xu, Xu, Xu, Xu, Xu, Xu, Xu, Xu, Xu, Xu, Xu, Xu, Xu, Xu, Xu, Xu, Xu, Wwg^Br\, Wwg^Br\, Wwg, Xuc, Xuc, Uu, Cud, Uu^Br|, Uu, Uu, Cud, Cud, Cud, Uu^Br/, Uu, Uu, Uu^Emf, Uu^Emf, Xuc, Xu, Xu, Xu, Xu, Xu, Xu, Uu, Xu, Xu, Xu, Uu, Uu, Xu, Xu, Xu, Uu, Uu, Xu, Xu, Xu, Xu, Uu, Uu, Xu, Xu, Xu, Xu, Xu
Gs^Fms, Gs^Fds, Gs^Fds, Gs^Fms, Gs^Fms, Gs^Fds, Gs^Fds, Gs^Fds, Gs^Fds, Gs^Fds, Gs^Fds, Gg, Gs^Fms, Gs^Fms, Gs^Fms, Gs^Fms, Gs^Fms, Gs^Fms, Gs^Fms, Gs^Fms, Gg, Gg, Rr, Rr, Gs^Fms, Gg, Ww, Gg, Ww, Gg, Ww, Ww, Ww, Ww, Wo, Wo, Rb, Rb, Rb, Rb, Wo, Wo, Wo, Wo, Wo, Wo, Ww, Ww, Gg, Gg, Rr, Hh, Hh, Hh, Hh, Hh, Mm, Mm, Mm, Mm, Mm, Mm^Vhh, Mm, Md, Md, Md, Wwf, Md, Wwf, Wwf, Wwf, Wwf, Md, Md, Ch, Wwf, Ch, Wwf, Md, Md, Md^Xm, Md, Md^_fme, Xu, Xu, Xu, Xu, Xu, Xu, Xu, Xu, Xu, Xu, Xu, Xu, Xu, Xu, Xu, Xu, Xu, Wwg, Wwg, Wog, Xos^Br\, Uu^Br\, Uu, Uu, Cud, Cud^Br|, Uu, Cud, Uu, Uu^Br/, 5 Kud^Br/, Cud, Uu^Br\, Uu^Vud, Uu^Emf, Uu^Emf, Xuc, Xu, Xu, Xu, Xu, Xu, Xu, Uu, Uu, Uu, Uu, Xu, Xu, Xu, Xu, Xu, Xu, Xu, Xu, Xu, Xu, Xu, Uu, Uu, Xu, Xu, Xu, Xu, Xu
Gs^Fms, Gs^Fds, Gs^Fds, Gs^Fds, Gs^Fds, Gs^Fms, Gg^Ve, Gs^Fms, Gs^Fms, Gs^Fms, Gs^Fms, Gs^Fms, Gs^Fms, Gs^Fms, Gs^Fms, Gs^Fms, Gg, Gs^Fms, Gg, Gg, Rr, Rr, Gg, Gs^Fms, Gg, Gg, Ww, Ww, Gg, Ww, Ww, Ww, Wo, Wo, Wo, Wo, Wo, Wo, Ww^Bw|r, Wo, Ww, Wo, Ww, Ww, Ww, Ww, Gg, Gg, Rr, Rr, Gg, Hh, Hh, Hh, Hh, Hh, Mm, Mm, Mm, Mm, Mm, Mm, Mm, Mm, Md, Md, Md, Wwf, Md, Wwf, Md, Md, Md, Md, Ch, Ch, Ch, Md, Md, Md^Xm, Md^Vhh, Md, Md^_fme, Xu, Xu, Xu, Xu, Xu, Xu, Xu, Xu, Xu, Xu, Xu, Xuc, Xuc, Xuc, Xu, Xu, Xu, Wwg, Wog, Wog, Xu, Uu, Ur^Br\, Uu^Br\, Uu, Uu^Br|, Uu, Cud^Br/, Uu^Br/, Uu, Cud, Cud, Uu, Uu, Uu^Emf, Uu^Emf, Xuc, Xu, Xu, Xu, Xu, Uu, Uu, Xu, Xu, Xu, Xu, Xu, Xu, Xu, Xu, Xu, Xu, Xu, Xu, Xu, Xu, Xu, Xu, Xu, Uu, Uu, Xu, Xu, Xu
Gs^Fms, Gs^Fms, Gs^Fms, Gg, Gg, Gs^Fds, Gs^Fds, Gs^Fms, Gs^Fms, Gs^Fms, Gs^Fms, Gs^Fms, Gs^Fms, Gs^Fms, Gs^Fms, Gs^Fms, Gg, Gg, Rr, Rr, Gg, Gg, Gg, Gg, Ww, Gg, Gg, Gg, Ww, Ww, Ww, Ww, Wo, Wo, Wo, Wo, Ww, Ww, Ww, Ww, Gg, Ww, Gg, Gg, Gg, Gg, Rr, Rr, Hh, Gg, Hh, Hh, Hh, Hh, Hh, Hh, Hh, Mm, Mm, Mm, Mm, Mm, Mm, Mm, Mm, Md, Md, Md, Md, Md, Md, Md, Md, Ch^Vd, Md^Cov, 4 Mv^Kov, Md^Cov, Ch^Vd, Md, Md^Xm, Md, Md^Xm, Md^_fme, Xu, Xu, Xu, Xu, Xu, Xu, Xu, Xu, Xu, Xuc, Xuc, Uu, Uu, Uu, Xuc, Xuc, Xu, Wwg, Wwg, Wog, Wwg, Uu, Ur, Uu^Vud, Uu^Br\, Iwr^Br|, Uu^Br/, Uu, Cud, Uu, Cud, Cud, Uu, Uu, Uu^Emf, Xuc, Xuc, Xu, Xu, Uu, Uu, Uu, Uu, Xu, Xu, Xu, Xu, Xu, Xu, Xu, Xu, Xu, Xu, Xu, Xu, Xu, Xu, Xu, Xu, Xu, Xu, Xu, Uu, Xu, Xu
Gs^Fms, Gs^Fms, Gs^Fms, Gs^Fms, Gs^Fms, Gg^Efm, Gg, Gs^Fds, Gs^Fms, Gs^Fms, Gs^Fms, Gs^Fms, Gs^Fms, Gs^Fms, Gg, Gg, Rr, Rr, Gg, Gg, Gg, Gg, Ww, Ww, Ww, Ww, Ww, Ww, Ww, Ww, Wo, Wo, Wo, Wo, Ww, Ww, Gg, Ww, Rp, Gg, Gg, Gg, Gg, Gg, Rr, Rr, Hh, Hh, Hh, Hh, Hh^Vhh, Hh, Hh, Hh, Hh, Hh, Mm, Mm, Mm, Mm, Mm, Mm, Mm, Mm, Mm, Mm, Mm, Mm, Mm, Mm, Mm, Mm, Mm, Ch, Mm, Md^Cov, Mm, Ch, Mm, Md^Xm, Md, Md^Xm, Mm^_fme, Xu, Xu, Xu, Xu, Xu, Xu, Xu, Xu, Xu, Xuc, Uu, Ur, Ur, Ur, Uu, Uu, Xuc, Xuc, Wwg, Wog, Wwg, Uu, Ur, Uu^Br/, Uu^Br/, Uu^Br|, Uu^Br\, Cud^Br\, Uu, Uu^Vud, Uu, Xuc, Uu, Xuc, Xuc, Xu, Xu, Uu, Uu, Xu, Uu, Xu, Xu, Xu, Xu, Xu, Xu, Xu, Xu, Xu, Xu, Xu, Xu, Xu, Xu, Xu, Xu, Xu, Xu, Xu, Xu, Xu, Uu, Xu, Xu
Gs^Fms, Gs^Fms, Gs^Fms, Gs^Fms, Gs^Fms, Gs^Fms, Gs^Fms, Gs^Fms, Gs^Fms, Gs^Fms, Gs^Fms, Gs^Fms, Gg, Gg, Rr, Rr, Gg, Gg, Gg, Gg, Gg, Gll^Fp, Ww, Ww, Wo, Wo, Wo, Wo, Wo, Wo, Wog, Wo, Ww, Ww, Ww, Gg, Gg, Gg, Rp, Gg, Gs^Vh, Gg, Gg, Gg, Rr, Hh, Hh, Gg, Hh, Hh, Hh, Hh, Hh, Hh, Hh, Hh, Mm, Mm, Mm, Mm, Mm, Mm, Mm, Mm, Mm, Mm, Mm, Mm, Mm, Mm, Mm, Mm, Mm, Mm, Mm, Mm, Mm, Mm, Mm, Mm, Mm, Mm, Mm^_fme, Xu, Xu, Xu, Xu, Xu, Xu, Xu, Xu, Xu, Xuc, Uu, Uu^Vud, Uu, Uu, Uu, Uu, Uu, Uu, Wwg, Wwg, Wwg, Uu^Br/, Ur^Br/, Ur, Uu, Uu^Br|, Uu, Cud, Uu^Br\, Uu^Br\, Xuc, Xu, Xuc, Uu, Uu, Uu, Uu, Xu, Xu, Xu, Xu, Xu, Xu, Xu, Xu, Xu, Xu, Uu, Xu, Uu, Uu, Uu, Uu, Uu, Xu, Uu, Uu, Uu, Xu, Uu, Xu, Uu, Uu, Uu, Xu
Gg, Gs^Fms, Gg, Gs^Fms, Gg, Gs^Fms, Gg, Gs^Fms, Gg, Gg, Gg, Gg, Rr, Rr, Gg, Gg, Gg, Gg, Gs^Fds, Gg, Ww, Ww, Ww, Wo, Wo, Ww, Wo, Wo, Wo, Wo, Wo, Ww, Ww, Ww, Gg, Gg, Gg, Gg, Rp, Hh, Hh, Hh, Hh, Hh, Rr, Hh, Hh, Gg, Ha, Hh, Ha, Hh, Ha, Hh, Ha, Mm, Ms, Mm, Mm, Mm, Uu, Mm, Mm, Mm, Mm, Mm^Vhh, Mm, Mm, Mm, Mm, Mm, Mm, Mm, Mm, Mm, Mm, Mm, Mm, Mm, Mm, Mm, Mm, Mm^_fme, Xu, Xu, Xu, Xu, Xu, Xu, Xu, Xu, Xu, Xuc, Uu, Qxu, Uu, Uu, Ur, Ur, Uu, Uu, Uu, Ur^Br/, Wwg^Br/, Wwg, Uu, Uu, Ur, Ur^Br|, Uu, Uu, Cud, Xuc, Xos^Br|, Uu, Uu, Xu, Uu, Xu, Xu, Xu, Xu, Xu, Xu, Xu, Xu, Xu, Xu, Xu, Uu, Uu, Uu, Xu, Uu, Xu, Uu, Xu, Uu, Xu, Xu, Xu, Uu, Xu, Uu, Xu, Xu, Xu, Xu
Gg, Gg, Gg, Gg, Gg, Gg, Gg, Gg, Gg, Gg, Ch, Rr, Rr, Gg, Gg, Gg, Gs^Fds, Gs^Fds, Gs^Fds, Ww, Ww, Ww, Wo, Wo, Wo, Wo, Wo, Wo, Ww, Ww, Ww, Ww, Gg, Ww, Gg, Gg, Rp, Rp, Gg, Gg, Gg, Gll^Fp, Gll^Fp, Gg, Rr, Gg, Gg, Gg, Ha, Ha, Ha, Ha, Ha, Ha, Ms, Ms, Ms, Ms, Ms, Ms, Ms, Mm, Mm, Mm, Mm, Mm, Mm, Mm, Mm, Mm, Mm, Mm, Mm, Mm, Mm, Mm, Mm, Mm, Mm, Mm, Mm, Mm, Mm^_fme, Xu, Xu, Xu, Xu, Xu, Xu, Xu, Xu, Xuc, Ql, Uu, Qxu, Qxu, Qxu^Br/, Uu^Br/, Uu^Br\, Ur, Uu^Br/, Uu^Br/, Uu, Wwg, Wog, Wwg, Wwg, Uu, Ur^Br|, Uu, Xuc, Xuc, Ur^Br/, Ur^Br/, Xu, Xu, Xu, Xu, Xu, Xu, Xu, Xu, Xu, Xu, Xu, Xu, Xu, Xu, Uu, Uu, Xu, Xu, Xu, Xu, Xu, Xu, Xu, Xu, Xu, Xu, Xu, Xu, Xu, Xu, Xu, Xu, Xu, Xu
Gg, Gg, Gg, Gg, Gg, Gg, Gg, Gg, Ch, Rr, Rr, Rr, Rr, Ch, Ww, Ww, Ww, Ww, Ww, Ww, Ww, Wo, Wo, Wo, Ww, Ww, Ww, Ww, Ww, Ww, Gg, Gg, Gs^Vh, Gg, Rp, Rp, Gg, Gg, Gg, Gg, Gg, Gg, Gll^Fp, Gg, Rr, Gg, Gg, Gg, Gg, Ha, Ha, Ha, Ms, Ms, Ms, Ms, Ms, Ms, Ms, Ms, Ms, Ms, Ms, Mm, Mm, Mm, Mm, Mm, Mm, Mm, Mm, Mm, Mm, Mm, Mm, Mm^Vhh, Mm, Mm, Mm, Mm, Mm, Mm, Mm^_fme, Xu, Xu, Xu, Xu, Xu, Xu, Xu, Xuc, Xuc, Ql, Uu, Uu^Br/, Qxu^Br/, Qxu^Br|, Qxu^Br\, Hh^Br/, Uu^Br/, Uu, Ur, Uu, Wwg, Wwg, Wog, Wwg, Xuc, Xos^Br\, Xu, Ur^Br/, Ur^Br/, Xu, Xu, Xu, Xu, Xu, Xu, Xu, Xu, Xu, Xu, Xu, Xu, Xu, Xu, Uu, Xu, Uu, Uu, Xu, Xu, Xu, Xu, Xu, Xu, Xu, Xu, Xu, Xu, Xu, Xu, Xu, Xu, Xu, Xu, Xu, Xu
Ww, Ww, Ww, Ww, Ww, Gg, Gg, Rr, Rr, Rr, Rr, Rr, Ww^Bsb\, Ww, Ww, Ww, Ww, Ww, Ww, Ww, Ww, Wo, Ww, Ww^Vm, Ww, Ww, Ww, Ww, Gg, Gg, Gg, Gg, Rp, Rp, Gg, Hh, Hh, Gg, Hh, Gg, Hh, Gg, Gg, Gg, Rr, Gg, Gg, Ha, Ha, Ha, Ha, Ms, Ms, Ms, Ms, Ms, Ms, Ms, Ms, Ms, Ms, Ms, Ms, Mm, Mm, Mm, Mm, Mm, Mm, Mm, Mm, Mm, Mm, Mm, Mm, Mm, Mm, Mm, Mm, Mm, Mm, Mm, Mm^_fme, Xu, Xu, Xu, Xu, Xu, Xu, Xu, Xuc, Ql, Uu, Cud, Cud^Br|, Qxu^Br\, Qxu^Br/, Qxu^Br/, Qxu^Br|, Uu^Br|, Uu, Ur, Uu^Vud, Xuc, Xu, Wwg, Wwg, Xu, Xu, Ur^Br/, Uu, Uu, Uu, Xu, Xu, Xu, Xu, Xu, Xu, Xu, Xu, Xu, Xu, Xu, Xu, Xu, Uu, Uu, Xu, Xu, Xu, Xu, Xu, Xu, Xu, Xu, Xu, Xu, Xu, Xu, Xu, Xu, Xu, Xu, Xu, Xu, Xu, Xu
Ww, Ww, Ww, Ww, Ww, Ww, Ww, Ch, Rr, Rr, Ww, Ww, Ww, Ww^Bsb\, Ww^Bsb\, Ww, Ww, Ww, Ww, Ww, Wo, Wo, Ww, Ww, Ww, Ww, Gg, Gg, Gg, Gg, Gg, Gg, Rp, Gg, Gg, Hh, Gg, Hh, Hh, Hh, Hh, Hh, Hh, Gs^Vh, Rr, Gg, Ha, Ha, Ha, Ha, Ms, Ms, Ms, Ms, Ms^Vhha, Ms, Ms, Ms, Ms, Ms, Ms, Ms, Ms, Ms, Mm, Mm, Mm, Mm, Mm, Mm, Mm, Mm, Mm, Mm, Mm, Mm, Mm, Mm, Mm, Mm, Mm, Mm, Mm^_fme, Xu, Xu, Xu, Xu, Xu, Uu^Vu, Xu, Xuc, Ql, Uu, Uu, Cud^Br/, Uu^Br/, Qxu^Br|, Qxu^Br\, Qxu^Br/, Uu^Br/, Uu, Ur, Uu, Xuc, Xu, Wwg, Wwg, Wwg, Wwg, Xu, Xu, Uu, Xu, Uu, Uu, Xu, Xu, Xu, Xu, Xu, Xu, Xu, Uu, Xu, Uu, Uu, Uu, Xu, Xu, Xu, Xu, Xu, Xu, Xu, Xu, Xu, Xu, Xu, Xu, Xu, Xu, Xu, Xu, Xu, Xu, Xu, Xu, Xu
Ww, Ww, Ww, Ww, Ww, Ww, Ww, Ww, Ww, Ww, Ww, Ww, Ww, Ww, Gs^Vh, Rr^Vhc, Wo, Wo, Wo, Wo, Wo, Ww, Ww, Ww, Ww, Ww, Gg, Gg, Gg, Gg, Gg, Gg, Gg, Rp, Rp, Gg, Rp, Gg, Gg, Hh, Gg, Hh, Gg, Gg, Rr, Gg, Ha, Ha, Ha, Ha, Ms, Ms, Ms, Ms, Ms, Ms, Ms, Ms, Ms, Ms, Ms, Ms, Ms, Ms, Ms, Mm, Mm^Vhh, Mm, Mm, Mm, Mm, Mm, Mm, Mm, Mm, Mm, Mm, Mm, Mm, Mm, Mm, Mm, Mm^_fme, Xu, Xu, Xu, Xu, Xu, Xuc, Xuc, Uu, Uu, Ur^Br/, Ur^Br/, Uu, Cud^Br\, Uu^Br/, Qxu^Br/, Qxu, Uu, Ur, Uu, Uu, Xuc, Xu, Xu, Wwg, Wog, Wwg, Xu, Xu, Xu, Xu, Xu, Xu, Uu, Uu, Uu, Uu, Uu, Uu, Uu, Xu, Uu, Xu, Xu, Xu, Xu, Xu, Xu, Xu, Xu, Xu, Xu, Xu, Xu, Xu, Xu, Xu, Xu, Xu, Xu, Xu, Xu, Xu, Xu, Xu, Xu
Wo, Wo, Wo, Ww, Wo, Ww, Ww, Ww, Ww, Ww, Ww, Ww, Wo, Wo, Wo, Wo, Wo, Wo, Wo, Wo, Ww, Ww, Ww, Ww, Gg, Gg, Gg, Gg, Gll^Fp, Gg, Gg, Gg, Gg, Hh, Hh, Rp, Gll^Fp, Rp, Gg, Gg, Gg, Gg, Gg, Rr, Gg, Ha, Ha, Ha, Ha, Ha, Ha, Ms, Ms, Ms, Ms, Ms, Ms, Ms, Ms, Ms, Ms, Ms, Ms, Ms, Ms, Ms, Ms, Mm, Mm, Mm, Mm, Mm, Mm, Mm, Mm, Mm, Mm, Mm, Mm, Mm, Mm, Mm, Mm^_fme, Xu, Xu, Xu, Xuc, Xuc, Uu, Uu, Ur^Br/, Ur^Br/, Uu, Uu, Uu, Cud, Uu^Vud, Qxu, Qxu, Uu, Ur, Uu, Uu, Xuc, Xu, Xu, Wwg, Wog, Wwg, Wwg, Xu, Xu, Xu, Xu, Xu, Xu, Xu, Xu, Xu, Xu, Xu, Xu, Xu, Xu, Xu, Xu, Xu, Xu, Xu, Xu, Xu, Xu, Xu, Xu, Xu, Xu, Xu, Xu, Xu, Xu, Xu, Xu, Xu, Xu, Xu, Xu, Xu, Xu
Wo, Wo, Ww, Wo, Wo, Ww, Ww, Ww, Ww, Ww, Wo, Wo, Wo, Wo, Wo, Wo, Wo, Wo, Wo, Wo, Ww, Ww, Ww, Ww, Gg, Gg, Gll^Fp, Gll^Fp, Gg, Hh, Hh, Hh, Hh, Hh, Gg, Gll^Fp, Gg, Rp, Gg, Gg, Gg, Gg, Gg, Rr, Gg, Ha, Ha^Vhha, Ha, Ha, Ha, Ha, Ha, Ms, Ms, Ms, Ms, Ms, Ms, Ms, Ms, Ms, Ms, Ms, Ms, Ms, Ms, Ms, Ms, Ms, Mm, Mm, Mm, Mm, Mm, Mm, Mm, Mm, Mm, Mm, Mm, Mm, Mm, Mm^_fme, Xu, Xuc, Xuc, Uu, Uu, Ur^Br/, Ur^Br/, Uu, Uu, Xuc, Ql, Ql, Ql, Ql, Uu, Uu, Uu, Ur, Uu, Uu, Xuc, Xuc, Xu, Xu, Wwg, Wot, Wwg, Xu, Xu, Xu, Xu, Xu, Xu, Xu, Xu, Xu, Xu, Xu, Xu, Xu, Xu, Xu, Xu, Xu, Xu, Xu, Xu, Xu, Xu, Xu, Xu, Xu, Xu, Xu, Xu, Xu, Xu, Xu, Xu, Xu, Xu, Xu, Xu, Xu, Xu
Wo, Wo, Ww, Ww, Wo, Ww, Ww, Ww, Ww, Ww, Wo, Ww, Wo, Wo, Wo, Wo, Wo, Wo, Ww, Ww, Ww, Ww, Gg, Gg, Gg, Gg, Gg, Gg, Gg, Gg, Gg, Gg, Gg, Gs^Vh, Gg, Gg, Rp, Rp, Hh, Hh, Hh, Gg, Gg, Rr, Gg, Ha, Ha, Ha, Ha, Ha, Ha, Ha, Ha, Ha, Ha, Ms, Ms, Ms, Ms, Ms^Vhha, Ms, Ms, Ms, Ms, Ms, Ms, Ms, Ms, Ms, Ms, Ms, Mm, Mm, Mm, Mm, Mm, Mm, Mm, Mm, Mm, Mm, Mm, Md^Xm, Xuc, Uu, Uu, Ur^Br/, Ur^Br/, Uu, Uu, Xuc, Xuc, Xu, Xuc, Xuc, Xuc, Xuc, Xuc, Xuc, Uu, Uu, Uu, Xuc, Xuc, Xu, Xu, Wwg, Wwg, Wwg, Xu, Xu, Xu, Xu, Xu, Xu, Xu, Xu, Xu, Xu, Xu, Xu, Xu, Xu, Xu, Xu, Xu, Xu, Xu, Xu, Xu, Xu, Xu, Xu, Xu, Xu, Xu, Xu, Xu, Xu, Xu, Xu, Xu, Xu, Xu, Xu, Xu, Xu, Xu
Wo, Wo, Ww, Wo, Wo, Ds, Ds, Ds^Vht, Wo, Wo, Ww, Ww, Wo, Wo, Wo, Wo, Ww, Ww, Ww, Ww, Ww, Gg, Gg, Gg, Gg, Gg, Gg, Gg, Gg, Gg, Gg, Gg, Gg, Gg, Rp, Rp, Hh, Hh, Hh, Hh, Hh, Hh, Hh, Rr, Gg, Gg, Gg, Ha, Ha, Ha, Ha, Ha, Ha, Ha, Ha, Ha, Ha, Ha, Ms, Ms, Ms, Ms, Ms, Ms, Ms, Ms, Ms, Ms, Ms, Ms, Ms, Ms, Ms, Mm, Ms, Mm, Mm^Vhh, Mm, Mm, Mm, Mm, Mm, Uu, Uu, Ur^Br/, Ur^Br/, Uu, Uu, Xue, Xuc, Xu, Xu, Xu, Xu, Xu, Xu, Xu, Xu, Xu, Xuc, Xuc, Xuc, Xu, Xu, Xu, Xu, Wwf, Wwg, Xue, Xue, Xue, Xu, Xu, Xu, Xu, Xu, Xu, Xu, Xu, Xu, Xu, Xu, Xu, Xu, Xu, Xu, Xu, Xu, Xu, Xu, Xu, Xu, Xu, Xu, Xu, Xu, Xu, Xu, Xu, Xu, Xu, Xu, Xu, Xu, Xu, Xu, Xu, Xu
Wo, Wo, Ww, Ww, Ww, Ds, Gs^Ft, Ds, Wo, Wo, Wo, Wo, Ww, Ww^Vm, Ww, Ww, Ww, Ww, Ww, Ww, Ww, Gg, Gg, Gg, Gg, Gg, Gg, Hh, Hh, Gg, Gg, Gg, Gg, Rp, Gg, Gg, Gg, Hh, Hh, Hh^Fp, Hh, Hh, Hh, Rr, Gg, Gg, Gg, Gg, Gg, Ha, Ha, Ha, Ha, Ha, Ha, Ha, Ha, Ha, Ms, Ms, Ms, Ms, Rb^Br/, Ms, Ms, Ms, Ms, Ms, Ms, Ms, Ms, Ms, Ms, Ms, Ms, Mm, Mm, Mm, Mm, Mm, Ms, Rb, Rb^Br/, Ur^Br/, Uu, Uu, Xu, Uu^Vu, Uu, Xue, Xue, Xu, Xu, Xu, Xu, Xu, Xue, Xu, Xue, Xue, Xue, Xu, Xu, Xu, Uu, Wwf, Xue, Xue, Xue, Xue, Xue, Xue, Xue, Xu, Xu, Xu, Xu, Xu, Xu, Xu, Xu, Xu, Xu, Xu, Xu, Xu, Xu, Xu, Xu, Xu, Xu, Xu, Xu, Xu, Xu, Xu, Xu, Xu, Xu, Xu, Xu, Xu, Xu, Xu, Xu, Xu, Xu, Xu
Wo, Wo, Ww, Ww, Wo, Gs, Ds^Vht, Ds, Wo, Wo, Ww, Ww, Ww, Ww, Ww, Ww, Ww, Ww, Ww, Ww, Gg, Gg, Gg, Gs^Vh, Gg, Gg, Gg, Hh, Hh, Gg, Gg, Gg, Gg, Rp, Gg, Gg, Gg, Gg, Gg, Hh, Gd^Vo, Hh, Gg, Rr, Gg, Gg, Gg, Gg, Gg, Gg, Gg, Ha, Ha, Ha, Ha, Ha, Ha, Ha, Ms, Ms, Rb^Br/, Rb^Br/, Ms, Rb^Br\, Rb^Br\, Ms, Ms, Ms, Ms, Ms^Vhha, Ms, Ms, Ms, Ms, Ms, Ms, Ms, Ms, Ms, Ms, Rb^Br/, Rb^Br/, Rb, Uu, Xu, Xu, Xu, Xu, Xu, Uu, Uu, Xue, Xue, Xu, Xue, Xue, Uu, Xue, Uu, Uu, Uu, Xue, Uu, Uu, Uu^Vu, Uu, Xue, Xue, Xue, Xue, Xue, Xue, Xue, Xu, Xu, Xu, Xu, Xu, Xu, Xu, Xu, Xu, Xu, Xu, Xu, Xu, Xu, Xu, Xu, Xu, Xu, Xu, Xu, Xu, Xu, Xu, Xu, Xu, Xu, Xu, Xu, Xu, Xu, Xu, Xu, Xu, Xu, Xu
Wo, Wo, Wo, Ww, Wo, Wo, Wo, Wo, Wo, Ww, Ww, Ww, Ww, Ww, Ww, Ww, Gg, Ww, Gg, Gg, Gg, Gg, Gg, Gg, Gg, Gg, Gg, Hh, Hh, Gg, Gg, Hh, Hh, Rp, Gg, Gg, Gg, Gg, Gg, Gg, Gg, Gg, Gg, Rr, Gg, Gg, Gg, Gg, Gg, Gg, Gg, Gg, Gg, Ha, Ha^Vhha, Ha, Ha, Ha, Rb^Br|, Rb^Br/, Ms, Ms, Ms, Ms, Ms, Rb^Br\, Rb^Br\, Ms, Ms, Ms, Ms, Ms, Ms, Ms, Ms, Ms, Rb^Br\, Ms, Rb^Br/, Rb^Br/, Ms, Ms, Ms, Ms^Xm, Xu, Xu, Xu, Xu, Xu, Xu, Xu, Uu, Uu, Xue, Uu, Uu, Uu, Uu, Xu, Uu, Uu, Uu, Xue, Xue, Xue, Xue, Xue, Xue, Xue, Xue, Xue, Xue, Xue, Xu, Xu, Xu, Xu, Xu, Xu, Xu, Xu, Xu, Xu, Xu, Xu, Xu, Xu, Xu, Xu, Xu, Xu, Xu, Xu, Xu, Xu, Xu, Xu, Xu, Xu, Xu, Xu, Xu, Xu, Xu, Xu, Xu, Xu, Xu
Wo, Wo, Wo, Ww, Ww, Wo, Wo, Ww, Ww, Ww, Ww, Ww, Ww, Ww, Rr, Ch, Gg, Gg, Hh, Gg, Hh, Gg, Gll^Fp, Gg, Gg, Gg, Gg, Hh, Hh, Gg, Gg, Hh, Gg, Rp, Gg, Gg, Gg, Gg, Gg, Gg, Gg, Gg, Gg, Rr, Rr, Gg, Gg, Gg, Gg, Gg, Gg, Gg, Gg, Ha, Ha, Ha, Rb, Rb, Cud^Vud, Ms, Ms, Ms, Ms, Ms, Ms, Ms, Ms, Rb^Br\, Rb^Br\, Ms, Ms, Ms, Ms, Ms, Rb^Br/, Rb^Br/, Ms^Vhha, Rb^Br\, Ms, Ms, Ms, Ms, Ms^_fme, Xu, Xu, Xu, Xu, Xu, Xu, Xu, Xu, Xu, Xu, Uu, Xu, Uu, Xu, Xu, Xu, Xu, Xu, Uu, Xue, Xue, Xue, Xue, Xue, Xue, Xue, Xue, Xue, Xue, Xu, Xu, Xu, Xu, Xu, Xu, Xu, Xu, Xu, Xu, Xu, Xu, Xu, Xu, Xu, Xu, Xu, Xu, Xu, Xu, Xu, Xu, Xu, Xu, Xu, Xu, Xu, Xu, Xu, Xu, Xu, Xu, Xu, Xu, Xu, Xu
Wo, Wo, Wo, Wo, Wo, Ww, Wo, Ww, Ww, Ww, Ww, Rr, Rr^Vh, Rr, Rr, Rr, Ch, Gg, Hh, Hh, Hh, Hh, Gg, Gll^Fp, Gll^Fp, Gll^Fp, Gg, Gg, Gg, Gg, Gg, Hh, Gg, Rp, Hh, Gg, Gg, Gg, Gg, Gg, Gg, Gg, Gg, Gg, Gg, Rr, Rr, Gg, Gg, Gd^Vo, Gg, Gg, Gg, Gg, Rb, Rb, Ha, Ha, Ms, Ms, Ms, Ms, Ms, Ms, Ms, Ms, Ms, Ms, Ms, Rb^Br\, Rb^Br\, Ms, Rb^Br/, Rb^Br/, Ms, Ms, Ms, Ms, Ms, Ms, Ms, Ms, Ms^_fme, Xu, Xu, Xu, Xu, Xu, Xu, Xu, Xu, Xu, Xu, Xu, Xu, Xu, Xu, Xu, Xu, Xu, Xu, Xue, Xue, Xue, Xue, Xue, Xue, Xue, Xu, Xue, Xu, Xu, Xu, Xu, Xu, Xu, Xu, Xu, Xu, Xu, Xu, Xu, Xu, Xu, Xu, Xu, Xu, Xu, Xu, Xu, Xu, Xu, Xu, Xu, Xu, Xu, Xu, Xu, Xu, Xu, Xu, Xu, Xu, Xu, Xu, Xu, Xu, Xu
Wo, Wo, Wo, Wo, Wo, Ww, Wo, Ww, Ww, Ww, Ww, Ww, Ww, Rr, Rr, Rr, Gg, Hh, Gg, Hh, Gg, Gg, Gg, Gg, Gg, Gll^Fp, Gg, Gg, Gg, Gg, Gg, Hh, Gg, Rp, Hh, Hh, Hh, Gg, Gg, Gg, Gg, Gg, Gg, Gg, Gg, Ce, Gg, Rr, Rr, Gg, Rr, Rr, Rr, Rr, Gg, Ha, Ha, Ha, Ha, Ms, Ms, Ms, Ms, Ms, Ms, Ms, Ms, Ms, Ms, Ms, Ms, Rb^Br\, Ms, Ms, Ms, Ms, Ms, Ms, Ms, Ms, Ms, Ms, Ms^_fme, Xu, Xu, Xu, Xu, Xu, Xu, Xu, Xu, Xu, Xu, Xu, Xu, Xu, Xu, Xu, Xu, Xu, Xu, Xue, Xue, Xue, Xu, Xu, Xu, Xu, Xu, Xu, Xu, Xu, Xu, Xu, Xu, Xu, Xu, Xu, Xu, Xu, Xu, Xu, Xu, Xu, Xu, Xu, Xu, Xu, Xu, Xu, Xu, Xu, Xu, Xu, Xu, Xu, Xu, Xu, Xu, Xu, Xu, Xu, Xu, Xu, Xu, Xu, Xu, Xu
Wo, Wo, Wo, Wo, Ww, Ww, Wo, Ww, Ww, Ww, Ww, Ww, Ww, Ww, Ww, Ch, Gg, Gg, Gg, Gg, Gg, Gg, Gg, Hh, Hh, Gg, Hh, Gg, Gg, Gg, Gg, Hh, Gs^Vh, Rp, Hh, Hh^Fp, Hh^Fp, Hh, Hh, Hh, Hh, Gg, Ce, Gg, Ke, Ce, Gg, Gg, Rr, Rr, Gg, Gg, Co, Gg, Gg, Ha, Ha, Ha, Ha, Ha, Ha, Ms, Ms, Ms, Ms, Ms, Ms, Ms, Ms^Vhha, Ms, Ms, Ms, Ms, Ms, Ms, Ms, Ms, Ms, Ms, Ms, Ms, Ms, Ms^_fme, Xu, Xu, Xu, Xu, Xu, Xu, Xu, Xu, Xu, Xu, Xu, Xu, Xu, Xu, Xu, Xu, Xu, Xu, Xu, Xu, Xu, Xu, Xu, Xu, Xu, Xu, Xu, Xu, Xu, Xu, Xu, Xu, Xu, Xu, Xu, Xu, Xu, Xu, Xu, Xu, Xu, Xu, Xu, Xu, Xu, Xu, Xu, Xu, Xu, Xu, Xu, Xu, Xu, Xu, Xu, Xu, Xu, Xu, Xu, Xu, Xu, Xu, Xu, Xu, Xu
Wo, Wo, Wo, Wo, Wo, Wo, Wo, Ww, Wo, Ww, Wo, Ww, Ww, Ww, Ww, Ww, Gg, Gg, Gg, Gg, Gs^Vh, Gg, Gg, Gg, Gg, Hh, Hh, Hh, Gg, Gg, Gg, Gg, Rp, Rp, Hh, Hh^Fp, Hh^Fp, Hh^Fp, Hh, Hh, Hh, Gg, Gg, Ce, Gg, Gg, Gg, Gg, Rr, Gg, Co, Co, 6 Ko, Co, Gg, Gg, Ha, Ha, Ha, Ha, Ha, Ha, Ha, Ms, Ms, Ms, Ms, Ms, Ms, Ms, Ha, Ms, Ha, Ms, Ms, Ms, Ms, Ms, Ms, Ms, Ms, Ms, Ms^_fme, Xu, Xu, Xu, Xu, Xu, Xu, Xu, Xu, Xu, Xu, Xu, Xu, Xu, Xu, Xu, Xu, Xu, Xu, Xu, Xu, Xu, Xu, Xu, Xu, Xu, Xu, Xu, Xu, Xu, Xu, Xu, Xu, Xu, Xu, Xu, Xu, Xu, Xu, Xu, Xu, Xu, Xu, Xu, Xu, Xu, Xu, Xu, Xu, Xu, Xu, Xu, Xu, Xu, Xu, Xu, Xu, Xu, Xu, Xu, Xu, Xu, Xu, Xu, Xu, Xu
Wo, Wo, Wo, Wo, Wo, Wo, Wo, Ww, Wo, Wo, Wo, Wo, Wo, Wo, Wo, Ww, Ww, Ww, Ww, Gg, Gg, Gg, Gg, Gg, Gg, Gg, Gg, Hh, Gg, Gg, Rp, Rp, Gg, Gg, Gg, Hh, Gg, Gg, Gg, Gg, Gg, Gg, Gg, Gg, Gg, Gg, Gg, Gg, Rr, Gg, Gg, Ko, Ko, Co, Gg, Gg, Gg, Ha, Ha, Ha, Ha, Ha, Ha, Ha, Ha, Ms, Ha, Ha, Ha, Ha, Ha, Ha, Ha, Ha, Ha, Ha, Ha, Ms, Ha, Ms, Ha, Ms, Ha^_fme, Xu, Xu, Xu, Xu, Xu, Xu, Xu, Xu, Xu, Xu, Xu, Xu, Xu, Xu, Xu, Xu, Xu, Xu, Xu, Xu, Xu, Xu, Xu, Xu, Xu, Xu, Xu, Xu, Xu, Xu, Xu, Xu, Xu, Xu, Xu, Xu, Xu, Xu, Xu, Xu, Xu, Xu, Xu, Xu, Xu, Xu, Xu, Xu, Xu, Xu, Xu, Xu, Xu, Xu, Xu, Xu, Xu, Xu, Xu, Xu, Xu, Xu, Xu, Xu, Xu
Wo, Wo, Wo, Wo, Wo, Wo, Wo, Ww^Vm, Wo, Wo, Wo, Wo, Wo, Wo, Wo, Wo, Ww, Ww, Ww, Ww, Gg, Gg, Gg, Gg, Gg, Gg, Gg, Gg, Rp, Rp, Gg, Gg, Gg, Gg, Gg, Gg, Gg, Gg, Gg, Gd^Vo, Gg, Gg, Gg, Gg, Gg, Gg, Gg, Gg, Rr, Gg, Co, Co, Co, Co, Gg, Gg, Gg, Aa^Voa, Ha, Ha, Ha, Ha, Ha, Ha, Ha, Ha, Ha^Vla, Ha, Ha, Ha, Ha, Ha, Ha, Ha, Ha, Ha, Ha, Ha, Ha, Ha, Ha^Vha, Ha, Ha^_fme, Xu, Xu, Xu, Xu, Xu, Xu, Xu, Xu, Xu, Xu, Xu, Xu, Xu, Xu, Xu, Xu, Xu, Xu, Xu, Xu, Xu, Xu, Xu, Xu, Xu, Xu, Xu, Xu, Xu, Xu, Xu, Xu, Xu, Xu, Xu, Xu, Xu, Xu, Xu, Xu, Xu, Xu, Xu, Xu, Xu, Xu, Xu, Xu, Xu, Xu, Xu, Xu, Xu, Xu, Xu, Xu, Xu, Xu, Xu, Xu, Xu, Xu, Xu, Xu, Xu
Wo, Wo, Wo, Wo, Wo, Wo, Wo, Wo, Wo, Wo, Wo, Wo, Wo, Wo, Wo, Wo, Ww, Ww, Ww, Ww, Gg, Gg, Gg, Gg, Gg, Gg, Gg, Gg, Rp, Gg, Gg, Gg, Gg, Gg, Gg, Gg, Gg, Gg, Gg, Gg, Gg, Gg, Gg, Gg, Gg, Gg, Gg, Gd^Vo, Rr, Co, Gg, Gg, Gg, Gg, Gg, Gg, Gg, Gg, Ha, Ha, Ha, Ha, Ha, Ha, Ha, Ha, Ha, Ha, Ha, Ha, Ha, Ha, Ha, Ha, Ha, Ha, Ha, Ha, Ha, Ha, Ha, Ha, Ha^_fme, Xu, Xu, Xu, Xu, Xu, Xu, Xu, Xu, Xu, Xu, Xu, Xu, Xu, Xu, Xu, Xu, Xu, Xu, Xu, Xu, Xu, Xu, Xu, Xu, Xu, Xu, Xu, Xu, Xu, Xu, Xu, Xu, Xu, Xu, Xu, Xu, Xu, Xu, Xu, Xu, Xu, Xu, Xu, Xu, Xu, Xu, Xu, Xu, Xu, Xu, Xu, Xu, Xu, Xu, Xu, Xu, Xu, Xu, Xu, Xu, Xu, Xu, Xu, Xu, Xu
Wo, Wo, Wo, Wo, Wo, Wo, Wo, Wo, Wo, Wo, Wo, Wo, Wo, Wo, Wo, Wo, Wo, Wo, Ww, Ww, Ww, Ww, Ww, Gg, Gg, Gg, Gg, Rp, Gg, Gg, Gg, Gg, Gg, Gg, Gg, Gg, Gg, Gg, Gg, Gg, Gg, Gg, _off^_usr, Gg, Gg, Gg, Gg, Gg, Gg, Rr, Gg, Gg, Gg, Gg, Gg, Gg, Gg, Gg, Ha, Ha, Ha, Ha, Ha, Ha, Ha, Ha, Ha, Ha, Ha, Ha, Ha, Ha, Ha, Ha, Ha, Ha, Ha, Ha, Ha, Ha, Ha, Ha^_fme, _off^_usr, Xu, Xu, Xu, Xu, Xu, Xu, Xu, Xu, Xu, Xu, Xu, Xu, Xu, Xu, Xu, Xu, Xu, Xu, Xu, Xu, Xu, Xu, Xu, Xu, Xu, Xu, Xu, Xu, Xu, Xu, Xu, Xu, Xu, Xu, Xu, Xu, Xu, Xu, Xu, Xu, Xu, Xu, Xu, Xu, Xu, Xu, Xu, Xu, Xu, Xu, Xu, Xu, Xu, Xu, Xu, Xu, Xu, Xu, Xu, Xu, Xu, Xu, Xu, Xu, Xu
