Xv^_fme, Xv^_fme, Xv^_fme, Xv^_fme, Xv^_fme, Xv^_fme, Xv^_fme, Xv^_fme, Xv^_fme, Xv^_fme, Xv^_fme, Xv^_fme, Xv^_fme, Xv^_fme, Xv^_fme, Xv^_fme, Xv^_fme, Xv^_fme, Xv^_fme, Xv^_fme, Xv^_fme, Xv^_fme, Xv^_fme, Xv^_fme, Xv^_fme, Xv^_fme, Xv^_fme, Xv^_fme, Xv^_fme, Xv^_fme, Xv^_fme, Xv^_fme, Xv^_fme, Xv^_fme, Xv^_fme, Xv^_fme, Xv^_fme, Xv^_fme, Xv^_fme, Xv^_fme, Xv^_fme, Xv^_fme, Xv^_fme, Xv^_fme, Xv^_fme, Xv^_fme, Xv, Xv^_fme, Xv^_fme, Xv^_fme, Xv^_fme
Xv^_fme, Xv^_fme, Xv^_fme, Xv, Xv^_fme, Xv^_fme, Xv^_fme, Xv^_fme, Xv^_fme, Xv^_fme, Xv^_fme, Xv^_fme, Xv^_fme, Xv^_fme, Xv^_fme, Xv^_fme, Xv^_fme, Xv^_fme, Xv^_fme, Xv^_fme, Xv^_fme, Xv^_fme, Xv^_fme, Xv^_fme, Wo^_fme, Aa^_fme, Aa^_fme, Xv^_fme, Xv^_fme, Xv^_fme, Xv^_fme, Xv^_fme, Xv^_fme, Xv^_fme, Xv^_fme, Xv^_fme, Xv^_fme, Xv^_fme, Xv^_fme, Xv^_fme, Xv^_fme, Xv^_fme, Xv^_fme, Xv^_fme, Xv, Xv, Xv^_fme, Xv^_fme, Xv^_fme, Xv^_fme, Xv^_fme
Xv^_fme, Xv^_fme, 1 Xv^_fme, Xv, Xv^_fme, Xv, Xv^_fme, Xv^_fme, Xv^_fme, Xv^_fme, Xv^_fme, Xv^_fme, Xv^_fme, Xv^_fme, Xv^_fme, Xv^_fme, Xv^_fme, Xv^_fme, Xv^_fme, Xv^_fme, Xv^_fme, Xv^_fme, Aa^_fme, Ww^_fme, Wo, Aa, Aa, Aa^_fme, Aa^_fme, Xv^_fme, Xv^_fme, Xv^_fme, Xv^_fme, Xv^_fme, Xv^_fme, Xv^_fme, Xv^_fme, Xv^_fme, Xv^_fme, Xv^_fme, Xv^_fme, Xv^_fme, Xv^_fme, Xv^_fme, Xv, Xv^_fme, Xv, Xv, Xv^_fme, Xv^_fme, Xv^_fme
Xv^_fme, Xv^_fme, Xv, Xv, Xv, Xv, Xv^_fme, Xv^_fme, Xv^_fme, Xv^_fme, Xv^_fme, Xv^_fme, Xv^_fme, Xv^_fme, Xv^_fme, Xv^_fme, Xv^_fme, Xv^_fme, Xv^_fme, Xv^_fme, Aa^_fme, Aa^_fme, Aa^Fpa, Ww, Wo, Wo, Aa, Aa, Rb, Rb^_fme, Aa^_fme, Xv^_fme, Xv^_fme, Xv^_fme, Xv^_fme, Xv^_fme, Xv^_fme, Xv^_fme, Xv^_fme, Xv^_fme, Xv^_fme, Xv^_fme, Xv^_fme, Xv^_fme, Xv^_fme, Xv, Xv^_fme, Xv^_fme, Xv, Xv^_fme, Xv^_fme
Xv^_fme, Xv, Xv^_fme, Xv^_fme, Xv, Xv^_fme, Xv^_fme, Xv^_fme, Xv^_fme, Xv^_fme, Xv^_fme, Xv^_fme, Xv^_fme, Xv^_fme, Xv^_fme, Xv^_fme, Xv^_fme, Xv^_fme, Gll^_fme, Gll^_fme, Gll^Fmw, Aa^Fma, Aa^Fp, Ww, Ww, Wo, Aa, Kha, Rb, Aa, Aa, Aa^_fme, Ai^_fme, Xv^_fme, Xv^_fme, Xv^_fme, Xv^_fme, Xv^_fme, Xv^_fme, Xv^_fme, Xv^_fme, Xv^_fme, Xv^_fme, Xv^_fme, Xv^_fme, Xv, Xv, Xv, Xv^_fme, Xv^_fme, Xv^_fme
Xv^_fme, Xv^_fme, Xv^_fme, Xv, Xv^_fme, Xv^_fme, Xv^_fme, Xv^_fme, Xv^_fme, Xv^_fme, Xv^_fme, Xv^_fme, Xv^_fme, Xv^_fme, Xv^_fme, Xv^_fme, Gs^_fme, Gs^_fme, Gs^Fms, Gll^Fmw, Gll^Fmw, Gll^Fp, Gll^Fp, Aa^Fp, Aa^Fpa, Wwg, Wwg, Aa, Wwg, Aa, Wog, Wog, Wog, Ha^_fme, Ms^_fme, Xv^_fme, Xv^_fme, Xv^_fme, Xv^_fme, Xv^_fme, Xv^_fme, Xv^_fme, Xv^_fme, Xv^_fme, Xv^_fme, Xv^_fme, Xv^_fme, Xv^_fme, Xv^_fme, Xv^_fme, Xv^_fme
Xv^_fme, Xv^_fme, Xv^_fme, Xv^_fme, Xv^_fme, Xv^_fme, Xv^_fme, Xv^_fme, Xv^_fme, Xv^_fme, Xv^_fme, Xv^_fme, Xv^_fme, Xv^_fme, Gs^_fme, Gs^_fme, Gs^Fms, Gs^Fms, Gg, Gg, Kv, Gg, Gg, Gll^Fp, Aa^Fpa, Ww, Wo, Wwg, Wog, Wog, Wog^Vm, Wog, Ha, Ha, Ms, Ms^_fme, Ha^_fme, Xv^_fme, Xv^_fme, Xv^_fme, Xv^_fme, Xv^_fme, Xv^_fme, Xv^_fme, Xv^_fme, Xv^_fme, Xv^_fme, Xv^_fme, Xv^_fme, Xv^_fme, Xv^_fme
Xv^_fme, Xv^_fme, Xv^_fme, Xv^_fme, Xv^_fme, Xv^_fme, Xv^_fme, Xv^_fme, Xv^_fme, Xv^_fme, Xv^_fme, Xv^_fme, Gg^_fme, Gs^_fme, Gs^Fms, Gs^Fms, Gs^Fms, Gs^Fms, Gg, Gg, Gg, Gg, Gg, Gll^Fp, Gg, Ww, Ww, Wo, Wo, Wog, Wog, Wog, Wwg, Ha, Ha, Ms, Aa, Ha^_fme, Aa^_fme, Xv^_fme, Xv^_fme, Xv^_fme, Xv^_fme, Xv^_fme, Xv^_fme, Xv^_fme, Xv^_fme, Xv^_fme, Xv^_fme, Xv^_fme, Xv^_fme
Xv^_fme, Xv^_fme, Xv^_fme, Xv^_fme, Xv^_fme, Xv^_fme, Xv^_fme, Xv^_fme, Xv^_fme, Xv^_fme, Gg^_fme, Gg^_fme, Gs^Fds, Gs^Fds, Gg, Gg, Mm, Gg, Gg, Gg, Gs^Fms, Gs^Fms, Gs^Fms, Gg, Gg, Gg, Ww, Wo, Wo, Wog, Wog, Wog, Wwg, Ha, Aa, Rb, Rb, Aa, Aa, Aa^_fme, Ha^_fme, Xv^_fme, Xv^_fme, Xv^_fme, Xv^_fme, Xv^_fme, Xv^_fme, Xv^_fme, Xv^_fme, Xv^_fme, Xv^_fme
Xv^_fme, Xv^_fme, Xv^_fme, Xv^_fme, Xv^_fme, Xv^_fme, Xv^_fme, Xv^_fme, Gs^_fme, Gs^_fme, Gg, Gg, Gs^Fds, Gs^Fds, Gg, Gg, Gg, Gg, Gg, Gs^Fms, Gs^Fms, Gs^Fms, Gg, Gg, Gg, Gg, Gg, Ww, Wo, Wog, Wog, Wog, Wwg, Aa, Rb, Aa, Rb, Kha, Rb, Aa^Fpa, Ha^Fpa, Ha^_fme, Ha^_fme, Xv^_fme, Xv^_fme, Xv^_fme, Xv^_fme, Xv^_fme, Xv^_fme, Xv^_fme, Xv^_fme
Xv^_fme, Xv^_fme, Xv^_fme, Xv^_fme, Xv^_fme, Xv^_fme, Gs^_fme, Gs^_fme, Gs^Fds, Gg, Kv, Gs^Fds, Gs^Fds, Gg, Gg, Gg, Gs^Fds, Gg^Vh, Gs^Fms, Gs^Fms, Gs^Fms, Gs^Fms, Gg, Gg, Wwf, Gg, Wwf, Ww, Wo, Wo, Wog, Wog, Wwg, Wwg, Rb, Aa, Aa^Fpa, Rb, Aa^Fpa, Aa^Fpa, Ha^Voa, Ha^Fpa, Aa^Fpa, Ha^_fme, Aa^_fme, Xv^_fme, Xv^_fme, Xv^_fme, Xv^_fme, Xv^_fme, Xv^_fme
Xv^_fme, Xv^_fme, Xv^_fme, Xv^_fme, Gs^_fme, Gg^_fme, Gg, Gs^Fds, Gg^Ve, Gs^Fds, Gs^Fds, Gs^Fds, Gs^Fds, Gg, Gg, Gs^Fds, Hh^Fds, Hh^Fds, Hh, Gs^Fms, Hh^Fms, Gs^Fms, Wwf, Ww, Ww, Ww, Ww, Ww, Wo, Wo, Wog, Wog, Wwg, Aa, Wwg, Aa^Fpa, Wwg, Aa^Fpa, Aa^Fpa, Aa^Fpa, Wog, Ha^Fpa, Aa, Aa, Rb, Aa^_fme, Rb^_fme, Xv^_fme, Xv^_fme, Xv^_fme, Xv^_fme
Xv^_fme, Xv^_fme, Gs^_fme, Gs^_fme, Gs^Fds, Gg, Gg, Gs^Fds, Gs^Fds, Gs^Fds, Gs^Fds, Gs^Fds, Gg, Gg, Hh, Hh^Fds, Hh^Fds, Mm, Hh^Fms, Hh^Fms, Gs^Fms, Gs^Fms, Ww, Ww, Gg, Wwf, Ww, Ww, Ww, Wo, Wog, Wwg, Wwg, Wwg, Wog, Wog, Wog, Wwg, Wwg, Wwg, Wog, Wog, Rb, Rb, Kha, Rb, Ha, Ha^_fme, Aa^_fme, Xv^_fme, Xv^_fme
Xv^_fme, Gs^_fme, Gs^Fds, Gs^Fds, Gg, Gg, Gg, Gg, Gg, Gs^Fds, Gg, Gg, Gg, Gg, Gg, Hh^Fds, Gg, Hh^Fds, Gg, Gs^Fms, Ww, Ww, Ww, Ww, Ww, Wwf, Ww, Ww, Ww, Ww, Wwg, Wog, Wog, Wog, Wog, Wog, Wog, Wog, Wog, Wog, Aa, Rb, Aa, Aa, Aa, Rb, Ha, Ha, Ms^Xm, Ms^_fme, Xv^_fme
Xv^_fme, Gg^_fme, Gg, Gg, Gs^Ft, Gs^Ft, Gs^Ft, Gg, Gs^Ft, Gg, Gs^Fds, Gs^Fds, Gs^Fds, Gg, Gs^Fds, Gg, Gs^Fds, Gg, Gg, Ww, Ww, Ww, Ww, Ww, Wwf, Ww, Wwf, Ww, Ww, Ww, Wwg, Wwg, Wog, Wog, Wog, Wog, Wog, Wog, Wog, Wwg, Wwg, Wwg, Wog, Wwg, Wwg, Wwg, Wog, Ms, Ms^Xm, Ms^_fme, Xv^_fme
Xv^_fme, Gg^_fme, Gg, Gs^Ft, Gs^Ft, Gs^Ft, Gs^Ft, Gs^Ft, Gs^Ft, Gg, Gs^Fds, Gs^Fds, Kv^Fds, Gs^Fds, Gs^Fds, Gs^Fds, Gg, Gg, Ww, Ww, Wo, Ww, Ww, Ww, Gg, Gg, Gg, Ww, Ww, Ww, Wog, Wwg, Wwg, Wog, Wog, Wog, Wog, Wog, Wog, Wog, Wog, Wog, Wog, Wog, Wwg, Wwg, Ms^Xm, Ms^Xm, Ha, Aa^_fme, Xv^_fme
Xv^_fme, Gs^_fme, Gg, Gs^Ft, Gs^Ft, Gs^Ft, Gs^Ft, Gs^Ft, Gs^Ft, Gg, Gs^Fds, Gs^Fds, Gs^Fds, Gs^Fds, Gs^Fds, Gs^Vl, Ww, Ww, Wo, Wo, Ww, Ww, Gg, Gg, Gg, Gg, Gg, Gs^Vh, Gd, Wwg, Wwg, Wog, Wog, Wwg, Wwg, Wog, Wog, Ha^Fpa, Aa^Vla, Wog, Wog, Wog, Wog, Wog, Ms^Xm, Ms, Ms, Ms^Xm, Ms^Xm, Ms^_fme, Xv^_fme
Xv^_fme, Gs^_fme, Gs^Ft, Gg, Gg, Gs^Ft, Gs^Ft, Gs^Ft, Gs^Ft, Gg, Gg, Gs^Fds, Gg, Gs^Fds, Wo, Wo, Wo, Wo, Ww, Ww, Gg^Fds, Gg, Gg^Fds, Gg, Gg, Gg, Gg, Gg, Gg, Aa, Aa, Wwg, Wwg, Wog, Wog, Wog, Wog, Ms^Xm, Ha^Fpa, Wog, Wog, Wog, Md^Xm, Ms^Xm, Ms, Ms, Ha, Ms, Ms, Ms^_fme, Xv^_fme
Xv^_fme, Gs^_fme, Gs^Ft, Khs, Gll^Ftr, Gg, Gg, Gs^Ft, Gg, Gs^Ft, Gs^Ft, Gg, Wo, Wo, Wo, Wo, Gg, Gg, Gg, Gg, Gg, Gg^Fds, Gg, Gs^Vh, Gg, Gg, Gg, Gg, Gg, Gg, Gg, Gd, Aa, Aa, Aa, Wog, Wog, Wog, Wog, Wog, Mm^Xm, Md^Xm, Md, Ms, Gg^Efm, Gg^Efm, Gg^Efm, Ha, Ms, Ms^_fme, Xv^_fme
Xv^_fme, Gs^_fme, Gg, Gs^Ft, Gs^Ft, Gs^Ft, Gg, Gs^Ft, Gll^Ftr, Gs^Ft, Gs^Ft, Gg, Wo, Wo, Gg, Gg, Gg^Fds, Gg, Gg^Fds, Gg, Gg, Gg, Gg, Gg, Ch, 3 Kh, Ch, Gg, Gg^Fp, Gg, Hh, Gg, Gg, Aa, Aa, Aa, Aa, Wog, Wo, Mm^Xm, Mm, Md, Hh, Gg^Efm, Hh, Gg^Efm, Mm, Mm^Xm, Mm, Ms^_fme, Xv^_fme
Xv^_fme, Gs^_fme, Gs^Ft, Gg, Gg, Gg, Gg, Gg, Gll^Ftr, Gg, Gg, Gg, Wo, Wo, Ss, Gg^Fds, Gg, Gg^Fds, Gg, Gg, Gg, Gg, Gg, Gg, Gg, Gg, Gg, Gg, Gg, Hh^Fp, Mm^Fp, Hh, Gg, Gd, Gd, Aa, Aa, Wo, Wo, Mm, Gs, Hh, Gg, Gs, Hh, Mm^Fp, Gg^Efm, Gg^Vh, Mm^Xm, Ms^_fme, Xv^_fme
Xv^_fme, Gs^_fme, Gll^Ftr, Gs^Ft, Gs^Ft, Gs^Ft, Ss^Ftr, Ss^Ftr, Gll^Ftr, Gs^Ft, Gs^Ft, Gll^Ftr, Ww, Wo, Ww, Ss, Ss, Gg, Hh, Hh, Mm, Hh, Gg, Gg, Ch, Gg, Ch, Gg, Gg, Gg^Fp, Gg^Fp, Gg, Gg, Gg, Gg, Gg, Ww, Wo, Ww, Gg, Gg, Gg, Gs, Gs, Mm^Fp, Mm^Fp, Ko, Wot, Mm^Xm, Ms^_fme, Xv^_fme
Xv^_fme, Ss^_fme, Ss^Ftr, Gll^Ftr, Ss^Ftr, Ss^Ftr, Gg^Vc, Ss^Ftr, Ss^Ftr, Ss^Ftr, Gs^Ft, Gll^Ftr, Ww, Wo, Ww, Ss, Gg, Gg, Gg, Mm, Hh, Hh, Hh, Gg, Gg, Gg, Gg, Gg, Gg, Gg, Gg, Gg, Mm, Gg, Hh, Gg, Ww, Wo, Ww, Mm, Hh, Hh, Hh, Gg, Gs, Hh, Mm, Wot, Mm^Xm, Ms^_fme, Xv^_fme
Xv^_fme, Ss^_fme, Ss^Ftr, Ss^Ftr, Gll^Ftr, Ss^Ftr, Ss^Ftr, Gll^Ftr, Gll^Ftr, Ss^Ftr, Gll^Ftr, Gll^Ftr, Ww, Wo, Ww, Gg, Gg, Gg, Gg, Hh, Gg, Hh, Gg, Gg, Gg, Gg, Gg, Gg, Gg, Ch, 2 Kh, Hh, Hh, Hh, Gs^Vh, Gg, Wwf, Wo, Ww, Mm, Hh, Ko, Hh, Gs, Gg, Gs, Gs, Mm, Hh, Mm^_fme, Xv^_fme
Xv^_fme, Ss^_fme, Ss^Ftr, Gll^Ftr, Khs, Gll^Ftr, Ss^Ftr, Gll^Ftr, Gll^Ftr, Gll^Ftr, Ss^Ftr, Ww, Ww, Ww, Ww, Ww, Gg, Gg, Gg, Gg, Gg, Gg, Gg, Gg, Gg, Gg, Gg, Ch, Gg, Ch, Gg, Gg, Gg, Gg, Gg, Wwf, Ww, Ww, Ww, Ww, Gg, Hh, Gs, Hh, Gs, Hh^Vhh, Hh^Fp, Hh, Hh, Mm^_fme, Xv^_fme
Xv^_fme, Ss^_fme, Ss^Ftr, Gs^Ft, Gs^Ft, Gll^Ftr, Ss^Ftr, Ss^Ftr, Ss^Ftr, Gs^Ft, Ss^Ftr, Ww, Ww, Ww, Ww, Ww, Gg, Gg, Gg, Gs^Vh, Gg, Gg, Gg, Ch, Gg, Gg, Gg, Ch, Gg, Gg, Gg, Gs^Vh, Gg, Gg, Gg, Ww, Ww, Wwf, Ww, Ww, Gg, Gs, Gg, Hh, Hh, Hh^Fp, Hh^Fp, Mm, Mm, Mm^_fme, Xv^_fme
Xv^_fme, Ss^_fme, Ss, Gll^Ftr, Ss^Edp, Gll^Ftr, Ss^Edb, Ss^Ftr, Ss^Ftr, Ss^Ftr, Ss, Ww, Ww, Ww, Ww, Ww, Ss, Gg, Gg, Gg, 4 Kh, Ch, Gg, Ch, Gg, Gg, Gg, Gg, Gg, Gg, Gs^Fms, Gg, Hh, Gg, Gg, Ww, Ww, Ww, Wwf, Wwf, Hh, Hh, Hh, Hh, Gs, Gg, Hh, Mm, Hh, Gll^_fme, Xv^_fme
Xv^_fme, Ss^_fme, Gg, Ss, Ss^Edp, Ss, Gg, Ss, Ss, Ss, Ss^Vhr, Gg, Ww, Wo, Ww, Ss, Ss, Gg, Gg, Gg, Gg, Ch, Gg, Gg, Gg, Gg, Gg, Gg, Gg, Gs^Fms, Gs^Fms, Gg, Gg, Hh, Mm, Gg, Ww, Wo, Ww, Mm, Hh^Vo, Gs, Mm, Mm, Ko, Gs, Mm, Mm, Gll, Gg^_fme, Xv^_fme
Xv^_fme, Ss^_fme, Ss^Edb, Ss, Ss^Ewl, Ss^Ewl, Ss^Efm, Gg, Ss^Em, Gg^Efm, Ss^Edb, Gg, Ww, Wo, Ww, Ss, Gg, Gg, Gg, Gg, Hh^Fp, Gg, Gg, Gg, Ch, Gg, Ch, Gg, Gg, Gg, Gs^Fms, Gg, Gg, Hh, Gg, Gg, Ww, Wo, Ww, Mm, Gg, Gs, Mm, Mm^Xm, Mm, Hh, Mm, Mv, Mm^Xm, Hh^_fme, Xv^_fme
Xv^_fme, Ss^_fme, Ss, Ss, Ss^Fetd, Gg, Ss^Edp, Ss^Edp, Ss, Ss, Gg, Gg, Wo, Wo, Gg, Gg, Gg, Gs^Vh, Gs, Hh^Fp, Hh^Fp, Hh^Fp, Gg, Gg, Gg, Gg, Gg, Gg, Gg, Gs^Fms, Gg, Gg, Gg, Gg, Gg, Gg, Gg, Wo, Wo, Hh, Mm, Hh, Xu, Xu, Xu, Hh, Ms^Xm, Aa, Ms^Xm, Mm^_fme, Xv^_fme
Xv^_fme, Ss^_fme, Gg, Ss^Edp, Ss, Khs, Ss^Edp, Ss, Ss^Edt, Gg, Sm, Re, Wo, Wo, Gg, Gg, Gd, Gd, Dd, Gd, Gg, Hh^Fp, Hh^Fp, Gg, Ch, Gg, Ch, Gg, Gg, Gg, Ur, Xu, Xu, Gg, Gg, Gg, Gg, Wo, Wo, Mm^Fp, Xu, Xu, Uu, Uu, Uu, Xu, Aa, Ha, Ms^Xm, Mm^_fme, Xv^_fme
Xv^_fme, Ss^_fme, Gg, Gg, Gg, Ss^Edp, Sm, Gg, Ss, Ss, Re, Re, Wot, Wot, Wot, Gg, Gg, Gs, Gs, Gd, Gs, Gd, Gs, Gg, Gg, 5 Kh, Gg, Gg, Xu, Uu, Ur, Uu, Gg, Gg, Gg, Gg, Wo, Wo^Bcx\, Wo^Bcx\, Xu, Uu, Uu, Xuc, Xue, Xue, Uu, Uue, Xu, Xu, Mm^_fme, Xv^_fme
Xv^_fme, Ss^_fme, Re, Ss^Edb, Ss^Edp, Sm^Vht, Re, Ss^Edt, Sm, Sm, Sm, Sm, Gs^Ftp, Wot, Wot, Wot, Wot, Gg, Wwt, Gg, Gg, Gd, Dd, Gg, Gg, Gg, Gg, Gs^Vh, Gg, Uh, Gg, Gg, Ww, Gg, Wo, Wo, Wo, Wo, Xu, Uu, Xuc, Uu, Uu, Uu, Uu, Xue, Uue, Uue^Vu, Xu, Xu^_fme, Xv^_fme
Xv^_fme, Sm^_fme, Re, Re, Re, Re, Sm, Re, Re, Re, Rd, Gd, Gd^Ftd, Gs^Ftp, Gs, Wot, Wwt, Wot, Wot, Wwt, Wwt, Gg, Gg, Gs, Gg, Gg, Gg, Gg, Gg, Gg, Ww, Ww, Wo, Wo, Ww, Wo, Xu, Xu, Uu^Vud, Uu, Uu, Uu, Urb, Urb, Urb, Uu, Uu, Uue, Xu, Xu^_fme, Xv^_fme
Xv^_fme, Sm^_fme, Rd, Sm, Sm, Rd, Rd, Sm, Rd, Rd, Dd, Gd, Gd, Gd^Ftd, Gs, Gs, Gs, Wwt, Wwt, Wot, Wwt, Wwt, Wwt, Gs^Vh, Gg, Gg, Gg, Gg, Ww, Ww, Wo, Wo, Ww, Ww, Uu, Uu^Uf, Uu^Uf, Uu, Uu, Uu, Qxu, Uu, Urb, Kud, Urb, Uu, Xuc, Uu, Xu, Xu^_fme, Xv^_fme
Xv^_fme, Sm^_fme, Re, Dd, Dd, Rd, Rd, Rd, Dd, Dd, Dd, Dd, Dd, Gd^Vc, Gd, Gd^Fts, Gs, Gs^Fts, Wwt, Wwt, Dd^Ftd, Dd^Ftd, Wwt, Wwt, Wwf, Gg, Wwf, Ww, Ww, Ww, Ww, Ww, Uu, Uu, Uu, Xu, Uu, Uu, Qxua, Qxu, Qxu, Uu, Qxu, Urb, Uu, Uu, Uue^Uf, Uu, Xu, Xu^_fme, Xv^_fme
Xv^_fme, Re^_fme, Rd, Sm, Dd, Dd, Dd, Dd, Hd, Hd, Hd, Dd, Dd, Dd, Gd, Gd^Fts, Gd^Fts, Gs^Fts, Gs^Fts, Wwt, Wwt, Dd^Ftd, Wwt, Wwt, Wwt, Wwt, Ww, Ww, Uu, Ww, Uu, Uu, Uu, Uu, Uu, Uu, Qxu, Qxua, Qxua^Bh/, Ur, Qxu^Bh\, Qxu^Bcx|, Qxu^Bsb/, Uu, Uu, Uue^Uf, Uue^Uf, Uue, Xu, Xu^_fme, Xv^_fme
Xv^_fme, Dd^_fme, Dd^_fme, Dd, Dd, Dd, Dd, Hd, Dd, Hd, Hd, Hd, Dd, Dd, Dd, Gd, Gd, Gd^Fts, Gd, Gs^Fts, Gs, Wwt, Wwt, Wwrt, Wwrt, Wwf, Ww, Ww, Uu, Uh, Uh, Uh, Uh, Uu, Qxu, Qxu^Bp\, Ur, Qxua^Bh/, Qxua, Qxua, Qxu^Bp/, Kud, Xue, Xuc, Uue, Uu^Uf, Xu, Xu, Xu^_fme, Xu^_fme, Xv^_fme
Xv^_fme, Xv^_fme, Xv^_fme, Dd^_fme, Dd^_fme, Dd, Dd, Dd, Kdr, Dd, Hd, Hd, Dd, Dd, Rd, Dd, Dd, Gd, Dd, Dd, Dd, Gs, Gs, Wwt, Wwt, Wwrt, Wwt, Ww, Uu, Uu, Uu, Uh, Qxu, Qxu, Qxu^Bh/, Qxu^Bh/, Qxu, Qxu^Bp\, Uu, Uh, Uu, Qxu^Bw|, Uue, Uue, Xue, Xuc, Xu^_fme, Xu^_fme, Xv^_fme, Xv^_fme, Xv^_fme
Xv^_fme, Xv^_fme, Xv^_fme, Xv^_fme, Xv^_fme, Dd^_fme, Hd^_fme, Dd, Dd, Dd, Dd, Hd, Dd, Rd, Dd, Dd, Dd, Rd, Rd, Kdr, Dd, Rd, Dd, Wwf, Wwrt, Wwrt, Wwrt, Wwf, Mdd^Xm, Xu, Xu, Uu, Uu, Qxu^Bh/, Qxu, Qxu, Uue, Uue, Uu, Uue, Uue, Uu, Xu, Xuc, Xu^_fme, Xu^_fme, Xv^_fme, Xv^_fme, Xv^_fme, Xv^_fme, Xv^_fme
Xv^_fme, Xv^_fme, Xv^_fme, Xv^_fme, Xv^_fme, Xv^_fme, Xv^_fme, Hd^_fme, Dd^_fme, Dd, Dd, Dd, Dd, Rd, Dd, Dd, Dd, Dd, Dd, Dd, Dd, Rd, Rd, Wwt, Wwf, Wwt, Wwf, Wwt, Mdd, Mdd^Xm, Mdd^Xm, Xu, Uu, Qxu, Uu, Uu, Uu, Uu, Uu^Vud, Uu, Xu, Xu, Xu^_fme, Xu^_fme, Xv^_fme, Xv^_fme, Xv^_fme, Xv^_fme, Xv^_fme, Xv^_fme, Xv^_fme
Xv^_fme, Xv^_fme, Xv^_fme, Xv^_fme, Xv^_fme, Xv^_fme, Xv^_fme, Xv^_fme, Xv^_fme, Dd^_fme, Dd^_fme, Dd, Dd, Dd, Rd, Dd, Rd, Rd, Rd, Rd, Dd, Rd, Rd, Dd, Wwt, Wwf, Wwt, Hd, Hd, Mdd, Mdd^Xm, Xu, Uh, Uu, Uh, Kud, Uu, Uu, Xu, Xu, Xu^_fme, Xu^_fme, Xv^_fme, Xv^_fme, Xv^_fme, Xv^_fme, Xv^_fme, Xv^_fme, Xv^_fme, Xv^_fme, Xv^_fme
Xv^_fme, Xv^_fme, Xv^_fme, Xv^_fme, Xv^_fme, Xv^_fme, Xv^_fme, Xv^_fme, Xv^_fme, Xv^_fme, Xv^_fme, Dd^_fme, Dd^_fme, Rd, Dd, Dd^Vdt, Dd^Do, Dd, Dd, Dd, Dd, Rd, Dd, Dd^Vda, Rd, Wwt, Rd, Dd, Hd, Mdd, Mdd^Xm, Xu, Uh, Uh, Uh, Uu, Xu, Xu, Xu^_fme, Xu^_fme, Xv^_fme, Xv^_fme, Xv^_fme, Xv^_fme, Xv^_fme, Xv^_fme, Xv^_fme, Xv^_fme, Xv^_fme, Xv^_fme, Xv^_fme
Xv^_fme, Xv^_fme, Xv^_fme, Xv^_fme, Xv^_fme, Xv^_fme, Xv^_fme, Xv^_fme, Xv^_fme, Xv^_fme, Xv^_fme, Xv^_fme, Xv^_fme, Dd^_fme, Dd^_fme, Dd, Dd, Dd, Dd, Dd, Dd, Dd, Dd, Dd, Rd, Wwf, Rd, Dd, Dd, Mdd, Mdd^Xm, Xu, Dd, Uu, Xu, Xu, Xu^_fme, Xu^_fme, Xv^_fme, Xv^_fme, Xv^_fme, Xv^_fme, Xv^_fme, Xv^_fme, Xv^_fme, Xv^_fme, Xv^_fme, Xv^_fme, Xv^_fme, Xv^_fme, Xv^_fme
Xv^_fme, Xv^_fme, Xv^_fme, Xv^_fme, Xv^_fme, Xv^_fme, Xv^_fme, Xv^_fme, Xv^_fme, Xv^_fme, Xv^_fme, Xv^_fme, Xv^_fme, Xv^_fme, Xv^_fme, Dd^_fme, Dd^_fme, Dd, Dd, Dd, Kdr, Dd, Dd, Dd, Dd, Rd, Dd, Dd, Hd, Hd, Dd, Hd, Xu, Xu, Xu^_fme, Xu^_fme, Xv^_fme, Xv^_fme, Xv^_fme, Xv^_fme, Xv^_fme, Xv^_fme, Xv^_fme, Xv^_fme, Xv^_fme, Xv^_fme, Xv^_fme, Xv^_fme, Xv^_fme, Xv^_fme, Xv^_fme
Xv^_fme, Xv, Xv^_fme, Xv^_fme, Xv^_fme, Xv^_fme, Xv^_fme, Xv^_fme, Xv^_fme, Xv^_fme, Xv^_fme, Xv^_fme, Xv^_fme, Xv^_fme, Xv^_fme, Xv^_fme, Xv^_fme, Dd^_fme, Dd^_fme, Dd, Dd, Dd, Dd, Dd, Hd, Dd, Hd, Hd, Mdd, Mdd, Mdd^Xm, Xu, Xu^_fme, Xu^_fme, Xv^_fme, Xv^_fme, Xv^_fme, Xv^_fme, Xv^_fme, Xv^_fme, Xv^_fme, Xv^_fme, Xv^_fme, Xv^_fme, Xv^_fme, Xv^_fme, Xv, Xv, Xv, Xv^_fme, Xv^_fme
Xv^_fme, Xv, Xv^_fme, Xv^_fme, Xv^_fme, Xv^_fme, Xv^_fme, Xv^_fme, Xv^_fme, Xv^_fme, Xv^_fme, Xv^_fme, Xv^_fme, Xv^_fme, Xv^_fme, Xv^_fme, Xv^_fme, Xv^_fme, Xv^_fme, Dd^_fme, Hd^_fme, Dd, Hd, Hd, Mdd, Hd, Mdd, Mdd, Mdd^Xm, Mdd^Xm, Dd^_fme, Mdd^_fme, Xv^_fme, Xv^_fme, Xv^_fme, Xv^_fme, Xv^_fme, Xv^_fme, Xv^_fme, Xv^_fme, Xv^_fme, Xv^_fme, Xv^_fme, Xv^_fme, Xv^_fme, Xv, Xv^_fme, Xv^_fme, Xv^_fme, Xv, Xv^_fme
Xv^_fme, Xv, Xv^_fme, Xv^_fme, Xv^_fme, Xv^_fme, Xv^_fme, Xv^_fme, Xv^_fme, Xv^_fme, Xv^_fme, Xv^_fme, Xv^_fme, Xv^_fme, Xv^_fme, Xv^_fme, Xv^_fme, Xv^_fme, Xv^_fme, Xv^_fme, Xv^_fme, Hd^_fme, Hd^_fme, Mdd, Mdd^Xm, Mdd, Mdd^Xm, Mdd^Xm, Hd^_fme, Dd^_fme, Xv^_fme, Xv^_fme, Xv^_fme, Xv^_fme, Xv^_fme, Xv^_fme, Xv^_fme, Xv^_fme, Xv^_fme, Xv^_fme, Xv^_fme, Xv^_fme, Xv^_fme, Xv^_fme, Xv^_fme, Xv, Xv, Xv^_fme, Xv, Xv, Xv^_fme
Xv^_fme, Xv, Xv^_fme, Xv^_fme, Xv^_fme, Xv^_fme, Xv^_fme, Xv^_fme, Xv^_fme, Xv^_fme, Xv^_fme, Xv^_fme, Xv^_fme, Xv^_fme, Xv^_fme, Xv^_fme, Xv^_fme, Xv^_fme, Xv^_fme, Xv^_fme, Xv^_fme, Xv^_fme, Xv^_fme, Mdd^_fme, Mdd^_fme, Mdd^Xm, Mdd^_fme, Mdd^_fme, Xv^_fme, Xv^_fme, Xv^_fme, Xv^_fme, Xv^_fme, Xv^_fme, Xv^_fme, Xv^_fme, Xv^_fme, Xv^_fme, Xv^_fme, Xv^_fme, Xv^_fme, Xv^_fme, Xv^_fme, Xv^_fme, Xv^_fme, Xv, Xv^_fme, Xv, Xv^_fme, Xv^_fme, Xv^_fme
Xv^_fme, Xv, Xv, Xv, Xv, Xv, Xv^_fme, Xv^_fme, Xv^_fme, Xv^_fme, Xv^_fme, Xv^_fme, Xv^_fme, Xv^_fme, Xv^_fme, Xv^_fme, Xv^_fme, Xv^_fme, Xv^_fme, Xv^_fme, Xv^_fme, Xv^_fme, Xv^_fme, Xv^_fme, Xv^_fme, Mdd^_fme, Xv^_fme, Xv^_fme, Xv^_fme, Xv^_fme, Xv^_fme, Xv^_fme, Xv^_fme, Xv^_fme, Xv^_fme, Xv^_fme, Xv^_fme, Xv^_fme, Xv^_fme, Xv^_fme, Xv^_fme, Xv^_fme, Xv^_fme, Xv^_fme, Xv^_fme, Xv, Xv^_fme, Xv^_fme, Xv^_fme, Xv^_fme, Xv^_fme
Xv^_fme, Xv^_fme, Xv^_fme, Xv^_fme, Xv^_fme, Xv^_fme, Xv^_fme, Xv^_fme, Xv^_fme, Xv^_fme, Xv^_fme, Xv^_fme, Xv^_fme, Xv^_fme, Xv^_fme, Xv^_fme, Xv^_fme, Xv^_fme, Xv^_fme, Xv^_fme, Xv^_fme, Xv^_fme, Xv^_fme, Xv^_fme, Xv^_fme, Xv^_fme, Xv^_fme, Xv^_fme, Xv^_fme, Xv^_fme, Xv^_fme, Xv^_fme, Xv^_fme, Xv^_fme, Xv^_fme, Xv^_fme, Xv^_fme, Xv^_fme, Xv^_fme, Xv^_fme, Xv^_fme, Xv^_fme, Xv^_fme, Xv^_fme, Xv^_fme, Xv, Xv^_fme, Xv^_fme, Xv^_fme, Xv^_fme, Xv^_fme
