Xos^_fme, Mdd^Xm, Mdd^Xm, Mdd^Xm, Mdd^Xm, Mdd^Xm, Mdd^Xm, Xos^_fme, Mdd^Xm, Xos^_fme, Mdd^Xm, Mdd^Xm, Mdd^Xm, Mdd^Xm, Mdd^Xm, Mdd^Xm, Xos^_fme, Xos^_fme, Xos^_fme, Xos^_fme, Xos^_fme, Ch, Ch, Ch, Ch, Ch, Ch, Ch, Ch, Ch, Wot^Bsb\, Wot^Bsb|, Wot, Wot^Bsb|, Wot^Bsb/, Ch, Xos^_fme
Xos^_fme, Mdd, Hd, Mdd, Hd, Dd, Dd, Mdd^Xm, Mdd^Xm, Mdd^Xm, Hd, Hd, Hd, Mdd^Xm, Xos^_fme, Xos^_fme, Xos^_fme, Xos^_fme, Xos, Xos^_fme, Xos^_fme, Xos^_fme, Xos^_fme, Ch, Ch, Ch, Ch, Ch, Wot^Bsb\, Wot, Wot, Ch, Ch, Ch, Wot, Ch, Xos^_fme
Xos^_fme, Hd, Hd, Hd, Mdd, Dd, Hd, Mdd, Dd, Hd, Dd^Esd, Dd, Xos^_fme, Xos^_fme, Xos^_fme, Xos^_fme, Xos, Xos, Xos, Xos, Xos, Xos^_fme, Xos^_fme, Xos^_fme, Xos^_fme, Ch, Wot^Bsb\, Wot, Wot, Wot^Bsb\, Ch, Ch, Ch, Wot, Wot^Bsb/, Ch, Xos^_fme
Xos^_fme, Hd, Mdd, Mdd, Hd, Hd, Hd, Hd, Dd^Esd, Rd^Esd, Xos^_fme, Xos^_fme, Xos^_fme, Xos^_fme, Xos, Xos, Xos, Xos, Ch^Vhc, Xos, Xos, Xos, Xos, Xos^_fme, Wot^_fme, Wot^_fme, Wot^_fme, Wot^Bsb\, Ch, Wot^Bsb/, Wot, Wot, Ch, Ch, Wot, Ch, Xos^_fme
Xos^_fme, Dd, Dd, Mdd^Xm, Dd, Dd, Mdd, Dd, Xos^_fme, Xos^_fme, Xos^_fme, Xos^_fme, Xos, Xos, Xos, Xos, Xos, Xos, Ch, Ch, Ch, Xos, Wwt, Wwt, Wot, Wot^_fme, Xos^_fme, Xos^_fme, Xos^_fme, Ch, Ch, Wot^Bsb/, Wot, Ch, Wot^Bsb\, Ch, Xos^_fme
Xos^_fme, Dd, Hd^Esd, Dd, Hd^Esd, Dd, Xos^_fme, Xos^_fme, Xos^_fme, Xos^_fme, Xos, Xos, Xos, Xos, Xos, Xos, Xos, Xos, Ch, 1 Kh, Gg, Ww^Vm, Wwt, Wwt, Xos, Xos, Xos, Xos^_fme, Xos^_fme, Xos^_fme, Xos^_fme, Ch, Ch, Wot^Bsb|, Wot, Ch, Xos^_fme
Xos^_fme, Hd, Hd^Esd, Hd, Xos^_fme, Xos^_fme, Xos^_fme, Xos^_fme, Xos, Xos, Xos, Xos, Xos, Xos, Xos, Xos, Xos, Xos, Gg, Rr, Wot^Bsb\, Wot, Gg, Xos, Xos, Xos, Xos, Xos, Xos, Xos^_fme, Xos^_fme, Xos^_fme, Xos^_fme, Ch, Ch, Ch, Xos^_fme
Xos^_fme, Hd^Esd, Xos^_fme, Xos^_fme, Xos^_fme, Xos^_fme, Xos, Xos, Xos, Xos, Xos, Xos, Xos, Xos, Xos, Xos, Hh^Fp, Gg, Wwf, Wwt, Wot, Rr, Rr, Xos, Xos, Xos, Xos, Xos, Xos, Xos, Xos, Xos^_fme, Xos^_fme, Xos^_fme, Xos^_fme, Ch, Xos^_fme
Xos^_fme, Xos^_fme, Xos^_fme, Xos^_fme, Xos, Xos, Xos, Xos, Xos, Xos, Xos, Xos, Xos, Xos, Mm, Mm^Fp, Wwf, Wwt, Hh, Ha, Ms^Fpa, Gg, Gg, Rr, Hd, Xos, Xos, Xos, Xos, Xos, Xos, Xos, Xos, Xos^_fme, Xos^_fme, Xos^_fme, Xos^_fme
Xos^_fme, Xos^_fme, Xos, Xos, Xos, Xos, Xos, Xos, Xos, Xos, Xos, Xos, Ql, Mm, Xos, Hh^Fp, Hh^Fp, Wwt, Wwt, Ai, Ha^Fpa, Ms^Xm, Gg, Rr, Rd, Mdd, Mdd^Xm, Xos, Xos, Xos, Xos, Xos, Xos, Xos, Xos, Xos^_fme, Xos^_fme
Xos^_fme, Xos, Xos, Xos, Xos, Xos, Xom, Xom, Xom, Xos, Wot, Xos, Xos, Mm, Mm^Fp, Hh^Fp, Gg, Wwf, Gg, Hh^Fp, Gg, Aa^Vha, Rr, Rr, Hd, Mdd, Xos, Xos, Xom, Xom, Xom, Xos, Xos, Xos, Xos, Xos, Xos^_fme
Xos^_fme, Xos, Xos, Xos, Xom, Xom, Iwr^Ebn, Iwr^Ebn, Chw, Wwt, Uu, Wot, Wot, Xos, Xos, Mm^Fp, Gg, Wwt, Gg, Gg, Rr, Gg, Gs, Dd, Xos, Xos, Xos, Xom, Chw, Iwr^Ebn, Iwr^Ebn, Xom, Xom, Xos, Xos, Xos, Xos^_fme
Xos^_fme, Xos, Xos, Xos, Xom, Iwr^Ebn, Chw, Chw, Rb, Ai, Rb, Uu, Uu, Wot, Wot, Xos, Gs^Fms, Wwf, Wwf, Rr, Gg, Gs^Fds, Xos, Xos, Wot, Xos, Rb, Aa, Rb, Chw, Chw, Iwr^Ebn, Xom, Xos, Xos, Xos, Xos^_fme
Xos^_fme, Xos, Xos, Xos, Xom, Iwr^Ebn, Chw, Aa, Rb, Ai, Rb, Aa, Ce, Wot, Wwt, Gs^Fms, Rr, Rr, Wwf, Gg, Rr, Gs^Fds, Gg, Xos, Ce, Ai, Wwf, Aa, Rb, Aa, Chw, Iwr^Ebn, Xom, Xos, Xos, Xos, Xos^_fme
Xos^_fme, Xos, Xos, Xos, Xom, Iwr^Ebn, Chw, Rb, Aa, Ai, Ce, Ce, Rr, Wwf, Wwf, Rr, Gg, Gg, Wwg, Wwf, Hh, Rr, Rr, Gg, Rr, Ce, Ce, Ai, Ai, Rb, Chw, Iwr^Ebn, Xom, Xos, Xos, Xos, Xos^_fme
Xos^_fme, Xos, Xos, Xos, Xos, Xom, Xom, Aa, Rb, Wwf, Ce, Rr, Hh^Vhh, Rr, Wwf, Xu, Ur, Xu, Xu, Wwf, Wwf, Wwf, Wwf, Rr, Hh^Vhh, Rr, Ce, Rb, Rb, Ai, Wwt, Xom, Xos, Xos, Xos, Xos, Xos^_fme
Xos^_fme, Xos, Xos, Xos, Xos, Xos, Xos, Xos, Xos, Ai, Ce, Rr, Rr, Gg, Wwf, Ur, Ur, Uu, Cud, Gll^Uf, Gg, Gll^Fp, Wwf, Gg, Rr, Rr, Ce, Aa, Uu, Uu, Wot, Xos, Xos, Xos, Xos, Xos, Xos^_fme
Xos^_fme, Xos, Xos, Xos, Xos, Mdd^Xm, Mdd, Xos, Xos, Wot, Xos, Gg, Rr, Wwf, Gll^Fp, Gg, Gg, Ur, Iwr^Eb, Cud, Gg, Gg, Ur, Wwf, Wwf, Wwf, Wot, Uu, Wot, Wot, Xos, Xos, Xos, Xos, Xos, Xos, Xos^_fme
Xos^_fme, Xos, Xos, Xos, Xos, Mdd, Rd, Hd, Dd, Xos, Xos, Gg, Rr, Wwf, Wwf, Gg, Cud, Iwr^Eb, Iwr^Vd, Iwr^Eb, Ur, Ur, Ur, Xu, Rr, Wwt, Wot, Wot, Xos, Xos, Ql, Xos, Xos, Xos, Xos, Xos, Xos^_fme
Xos^_fme, Xos, Xos, Xos, Xos, Hd, Rr, Rr, Rr, Gs, Gs^Fds, Gs^Fds, Rr, Hh, Wwf, Gll^Uf, Cud, Iwr^Eb, Iwr^Eb, Iwr^Eb, Cud, Uu, Xu, Gg, Rr, Gs^Fms, Xos, Xos, Mm^Fp, Mm, Mm, Xos, Xos, Xos, Xos, Xos, Xos^_fme
Wot^_fme, Xos, Xos, Xos, Xos, Rr, Gg, Gg, Aa^Vha, Rr, Rr, Gg, Gg, Wwf, Wwg, Xu, Uu, Ur, Gg, Cud, Gll^Uf, Xu, Wwg, Gg, Rr, Gs^Fms, Gg, Mm^Fp, Hh^Fp, Xos, Mm, Xos, Xos, Xos, Xos, Xos, Xos^_fme
Wot^_fme, Wot, Wwt, Xos, Gg, Rr, Gg, Ms^Xm, Ha^Fpa, Gg, Gg, Rr, Wwf, Wwf, Gg, Xu, Ur, Ur, Gg, Gg, Wwf, Wwf, Wwf, Wwf, Wwf, Wwf, Wwt, Gg, Hh^Fp, Hh^Fp, Mm^Fp, Xos, Xos, Xos, Xos, Xos, Xos^_fme
Xos^_fme, Wwt, Wwt, Wwt, Wot, Rr, Wot, Ms^Fpa, Ai, Hh^Fp, Gg, Gg, Wwf, Rr, Rr, Gg, Xu, Ur, Wwf, Gll^Fp, Wwf, Hh, Rr, Gg, Rr, Gg, Gg, Wwf, Wwt, Wwf, Hh^Fp, Xos, Xos, Xos, Xos, Xos, Xos^_fme
Xos^_fme, Xos, Xos, Ww^Vm, Gg, Wot^Bsb|, Wwt, Ha, Hh, Wwt, Wwf, Wwt, Gg, Gs^Fms, Gs^Fms, Rr, Wwf, Wwf, Gg, Wwf, Rr, Rr, Gs^Fds, Gg, Rr, Gg, Hh^Fp, Wwt, Hh, Wwt, Gg, Xos, Xos, Xos, Xos, Xos, Xos^_fme
Xos, Xos, Xos, Ch, 3 Kh, Rr, Gg, Wwf, Wwt, Wwt, Hh^Fp, Gg, Mm, Xos, Wot, Wwt, Wwf, Rr, Hh^Vhh, Rr, Gg, Gg, Xos, Gs^Fds, Gg, Gg, Ha^Fpa, Ai, Ha, Wwf, Gg, Xos, Xos, Xos, Xos, Xos, Xos^_fme
Xos, Xos, Xos, Ch, Ch, Ch, Xos, Gg, Hh^Fp, Wwf, Hh^Fp, Hh, Mm^Fp, Xos, Wot, Wot, Ce, Rr, Rr, Rr, Ce, Xos, Xos, Gs, Rr, Aa^Vha, Ms^Xm, Ms^Fpa, Wot, Wwt, Rr, Ch, Ch, Xos, Xos, Xos, Xos^_fme
Xos, Xos, Xos, Ch^Vhc, Xos, Xos, Xos, Xos, Xos, Mm, Mm, Mm, Mm, Xos, Wot, Uu, Aa, Ce, Ce, Ce, Ai, Wot, Xos, Dd, Rr, Gg, Gg, Gg, Rr, Wot^Bsb/, Gg, 2 Kh, Ch, Ch^Vhc, Xos, Xos, Xos^_fme
Xos^_fme, Xos, Xos, Xos, Xos, Xos, Xos, Xos, Xos, Xos, Xos, Mm, Ql, Xos, Wot, Uu, Rb, Rb, Ai, Wwf, Rb, Xos, Xos, Hd, Rd, Rr, Rr, Rr, Gg, Wot, Ww^Vm, Ch, Xos, Xos, Xos, Xos, Xos^_fme
Xos^_fme, Xos^_fme, Xos^_fme, Xos, Xos, Xos, Xos, Xos, Xos, Xos, Xos, Xos, Xos, Xos, Wot, Uu, Ai, Ai, Rb, Aa, Aa, Xos, Xos, Mdd, Mdd, Hd, Xos, Xos, Xos, Wwt, Wwt, Xos, Xos, Xos, Xos^_fme, Xos^_fme, Xos^_fme
Xos^_fme, Xos^_fme, Xos^_fme, Xos^_fme, Xos^_fme, Xos, Xos, Xos, Xos, Xos, Xos, Xos, Xos, Xos, Xos, Wwt, Chw, Rb, Aa, Rb, Chw, Xom, Xos, Mdd^Xm, Xos, Xos, Xos, Xos, Xos, Wwt, Wwt, Xos, Xos^_fme, Xos^_fme, Xos^_fme, Xos^_fme, Xos^_fme
Xos, Iwr^Ebn, Wwf, Xos^_fme, Xos^_fme, Xos^_fme, Xos^_fme, Xos, Xos, Xos, Xos, Xos, Xos, Xos, Xos, Xom, Iwr^Ebn, Chw, Chw, Chw, Iwr^Ebn, Xom, Xos, Xos, Xos, Xos, Xos, Xos, Xos, Wot, Wot^_fme, Xos^_fme, Xos^_fme, Xos^_fme, Wwf^Br\, Iwr^Ebn, Xos
Xos, Ch, Iwr^Ebn, Iwr^Ebn, Wwf, Xos^_fme, Xos^_fme, Xos^_fme, Xos^_fme, Xos, Xos, Xos, Xos, Xos, Xos, Xom, Xom, Iwr^Ebn, Iwr^Ebn, Iwr^Ebn, Xom, Xom, Xos, Xos, Xos, Xos, Xos, Xos, Xos^_fme, Wot^_fme, Wot^_fme, Xos^_fme, Wwf^Br\, Iwr^Ebn, Iwr^Ebn, Wwf^Br\, Xos
Xos, Iwr^Ebn, Wwf, Wwf, Iwr^Ebn, Iwr^Ebn, Hh, Xos^_fme, Xos^_fme, Xos^_fme, Xos^_fme, Xos, Xos, Xos, Xos, Xos, Xos, Xom, Xom, Xom, Xos, Xos, Xos, Xos, Xos, Xos, Xos^_fme, Xos^_fme, Xos^_fme, Wot^_fme, Wot^Bw/r, Iwr^Ebn, Iwr^Ebn, Wwf^Br\, Wwf^Br\, Iwr^Ebn, Xos
Xos, Ch, Iwr^Ebn, Iwr^Ebn, Ch, Hh, Ch^Fms, Gg, Gg, Xos^_fme, Xos^_fme, Xos^_fme, Xos^_fme, Xos, Xos, Xos, Xos, Xos, Xos, Xos, Xos, Xos, Xos, Xos, Xos^_fme, Xos^_fme, Xos^_fme, Xos^_fme, Gg, Wot^Bw/r, Wot, Hh, Sm^Fp, Iwr^Ebn, Iwr^Ebn, Wwf^Br\, Xos
Xos, Iwr^Ebn, Hh, Hh, Gg, Wwf, Sm, Gg, Ss, Ss, Gg, Xos^_fme, Xos^_fme, Xos^_fme, Xos^_fme, Xos, Xos, Xos, Xos, Xos, Xos, Xos, Xos^_fme, Xos^_fme, Xos^_fme, Xos^_fme, Cdr, Chr, Wwt, Wot, Wot, Gg, Gg, Hh, Sm^Fp, Iwr^Ebn, Xos
Xos, Ch, Gg, Ch^Fms, Gg, Wwf, Ss, Gg, Sm, Gg, Gg^Vht, Gg, Gg, Xos^_fme, Xos^_fme, Xos^_fme, Xos^_fme, Xos, Xos, Xos, Xos^_fme, Xos^_fme, Xos^_fme, Xos^_fme, Dd, Dd^Vdr, Cdr, Chr, Chw, Wwt, Chr, Gg, Hh, Gg, Gg, Hh, Xos
Xos, Gg, Gg, Gg, Ss, Gg, Gll^Fp, Wwf, Sm, Ss, Wwf, Ss, Wwf, Wwf, Iwr^Eb, Xos^_fme, Xos^_fme, Xos^_fme, Xos^_fme, Xos^_fme, Xos^_fme, Xos^_fme, Iwr^Eb, Rd, Dd, Dd, Cdr, Khr, Ww^Vm, Chw, Chr, Gg, Hh, Mm, Gg, Gg, Xos
Xos, Ss, Gg, Ss, Wwf, Sm, Sm^Fp, Gll^Fp, Gg, Sm^Fp, Sm, Ss, Wwf, Wwf, Wwf, Wwf, Hh, Xos^_fme, Xos^_fme, Xos^_fme, Hh, Gg, Rd, Dd, Dd, Dd, Chr, Wwt^Edt, Wot, Wwt, Chr, Gg, Gg, Gg, Hh, Gg, Xos
Xos, Gll^Fp, Ss^Vhr, Wwf, Gg, Wwf, Ss, Ss^Fp, Ss, Ss, Ss, Gg, Wwf, Gg, Gg, Gg, Gg, Hh, Hh, Hh, Gg, Gg, Dd, Dd, Dd, Rd, Wwt, Wwt^Edb, Wwt^Bsb\, Chr, Gg, Gg, Gg, Gg, Gg, Gg, Xos
Xos, Gll^Fp, Gll^Fp, Gll^Fp, Gll^Fp, Gg, Gg, Ss^Vhs, Gg, Sm, Gg, Gg, Gg, Ss, Gg, Gll^Fp, Gg, Gg, Gg, Gg, Gg, Gg, Dd, Rd, Rd, Rd, Wwf, Wwt, Gg, Chr, Gg, Gg, Hh^Vh, Gg, Gg, Gg, Xos
Xos, Hh^Fp, Gll^Fp, Hh^Fp, Hh^Fp, Gg, Gll^Fp, Gll^Fp, Gg, Gll^Fp, Gg, Gg, Gg, Ss, Gg, Gg, Gll^Fp, Gll^Fp, Gg, Gll^Fp, Gll^Fp, Gg, Gg, Dd, Wot, Wwf, Wwf, Wwf, Gg, Gg, Gg, Hh, Hh, Gg, Mm, Mm, Xos
Xos, Hh^Fp, Hh^Fp, Hh^Fp, Gg, Hh^Fp, Hh, Hh, Hh, Hh^Fp, Gg, Gg, Gll^Fp, Gg, Gg, Gll^Fp, Gg, Gll^Fp, Gg, Gll^Fp, Gg, Gll^Fp, Wot, Wot, Wot, Wot, Wot, Wwf, Gg, Gg, Gg, Gg, Hh, Hh, Mm, Mm, Xos
